Archive member included because of file (symbol)

C:\Users\Ron\Documents\ArduinoRailroad\QueueManagerAtmel\QueueManagerAtmel\Debug\libQueueManagerAtmel.a(QueueManager.o)
                              Test.o (_ZN12QueueManagerC1Ev)
C:\Users\Ron\Documents\ArduinoRailroad\QueueManagerAtmel\QueueManagerAtmel\Debug\libQueueManagerAtmel.a(PQueue.o)
                              C:\Users\Ron\Documents\ArduinoRailroad\QueueManagerAtmel\QueueManagerAtmel\Debug\libQueueManagerAtmel.a(QueueManager.o) (_ZN6PQueueC1Ev)
c:/program files (x86)/atmel/atmel toolchain/avr8 gcc/native/3.4.1061/avr8-gnu-toolchain/bin/../lib/gcc/avr/4.8.1/avr6\libgcc.a(_exit.o)
                              c:/program files (x86)/atmel/atmel toolchain/avr8 gcc/native/3.4.1061/avr8-gnu-toolchain/bin/../lib/gcc/avr/4.8.1/../../../../avr/lib/avr6/crtm2560.o (exit)
c:/program files (x86)/atmel/atmel toolchain/avr8 gcc/native/3.4.1061/avr8-gnu-toolchain/bin/../lib/gcc/avr/4.8.1/avr6\libgcc.a(_copy_data.o)
                              C:\Users\Ron\Documents\ArduinoRailroad\QueueManagerAtmel\QueueManagerAtmel\Debug\libQueueManagerAtmel.a(QueueManager.o) (__do_copy_data)

Discarded input sections

 .data          0x00000000        0x0 c:/program files (x86)/atmel/atmel toolchain/avr8 gcc/native/3.4.1061/avr8-gnu-toolchain/bin/../lib/gcc/avr/4.8.1/../../../../avr/lib/avr6/crtm2560.o
 .bss           0x00000000        0x0 c:/program files (x86)/atmel/atmel toolchain/avr8 gcc/native/3.4.1061/avr8-gnu-toolchain/bin/../lib/gcc/avr/4.8.1/../../../../avr/lib/avr6/crtm2560.o
 .text          0x00000000        0x0 Test.o
 .data          0x00000000        0x0 Test.o
 .bss           0x00000000        0x0 Test.o
 .progmem.data.digital_pin_to_timer_PGM
                0x00000000       0x46 Test.o
 .progmem.data.digital_pin_to_bit_mask_PGM
                0x00000000       0x46 Test.o
 .progmem.data.digital_pin_to_port_PGM
                0x00000000       0x46 Test.o
 .progmem.data.port_to_input_PGM
                0x00000000       0x1a Test.o
 .progmem.data.port_to_output_PGM
                0x00000000       0x1a Test.o
 .progmem.data.port_to_mode_PGM
                0x00000000       0x1a Test.o
 .group         0x00000000        0x8 C:\Users\Ron\Documents\ArduinoRailroad\QueueManagerAtmel\QueueManagerAtmel\Debug\libQueueManagerAtmel.a(QueueManager.o)
 .group         0x00000000        0x8 C:\Users\Ron\Documents\ArduinoRailroad\QueueManagerAtmel\QueueManagerAtmel\Debug\libQueueManagerAtmel.a(QueueManager.o)
 .text          0x00000000        0x0 C:\Users\Ron\Documents\ArduinoRailroad\QueueManagerAtmel\QueueManagerAtmel\Debug\libQueueManagerAtmel.a(QueueManager.o)
 .data          0x00000000        0x0 C:\Users\Ron\Documents\ArduinoRailroad\QueueManagerAtmel\QueueManagerAtmel\Debug\libQueueManagerAtmel.a(QueueManager.o)
 .bss           0x00000000        0x0 C:\Users\Ron\Documents\ArduinoRailroad\QueueManagerAtmel\QueueManagerAtmel\Debug\libQueueManagerAtmel.a(QueueManager.o)
 .text._ZN12QueueManager9GetLoggerEv
                0x00000000        0x8 C:\Users\Ron\Documents\ArduinoRailroad\QueueManagerAtmel\QueueManagerAtmel\Debug\libQueueManagerAtmel.a(QueueManager.o)
 .text._ZN12QueueManagerD2Ev
                0x00000000        0x2 C:\Users\Ron\Documents\ArduinoRailroad\QueueManagerAtmel\QueueManagerAtmel\Debug\libQueueManagerAtmel.a(QueueManager.o)
 .text._ZN12QueueManager7GetTimeEv
                0x00000000        0x4 C:\Users\Ron\Documents\ArduinoRailroad\QueueManagerAtmel\QueueManagerAtmel\Debug\libQueueManagerAtmel.a(QueueManager.o)
 .text._ZNSt6vectorI6StringSaIS0_EEC2ERKS2_
                0x00000000       0x84 C:\Users\Ron\Documents\ArduinoRailroad\QueueManagerAtmel\QueueManagerAtmel\Debug\libQueueManagerAtmel.a(QueueManager.o)
 .text._ZNSt6vectorIiSaIiEEC2ERKS1_
                0x00000000       0x6a C:\Users\Ron\Documents\ArduinoRailroad\QueueManagerAtmel\QueueManagerAtmel\Debug\libQueueManagerAtmel.a(QueueManager.o)
 .text._ZN12QueueManager7AddTaskE14TaskDefinition8TaskBase
                0x00000000      0x256 C:\Users\Ron\Documents\ArduinoRailroad\QueueManagerAtmel\QueueManagerAtmel\Debug\libQueueManagerAtmel.a(QueueManager.o)
 .progmem.data.digital_pin_to_timer_PGM
                0x00000000       0x46 C:\Users\Ron\Documents\ArduinoRailroad\QueueManagerAtmel\QueueManagerAtmel\Debug\libQueueManagerAtmel.a(QueueManager.o)
 .progmem.data.digital_pin_to_bit_mask_PGM
                0x00000000       0x46 C:\Users\Ron\Documents\ArduinoRailroad\QueueManagerAtmel\QueueManagerAtmel\Debug\libQueueManagerAtmel.a(QueueManager.o)
 .progmem.data.digital_pin_to_port_PGM
                0x00000000       0x46 C:\Users\Ron\Documents\ArduinoRailroad\QueueManagerAtmel\QueueManagerAtmel\Debug\libQueueManagerAtmel.a(QueueManager.o)
 .progmem.data.port_to_input_PGM
                0x00000000       0x1a C:\Users\Ron\Documents\ArduinoRailroad\QueueManagerAtmel\QueueManagerAtmel\Debug\libQueueManagerAtmel.a(QueueManager.o)
 .progmem.data.port_to_output_PGM
                0x00000000       0x1a C:\Users\Ron\Documents\ArduinoRailroad\QueueManagerAtmel\QueueManagerAtmel\Debug\libQueueManagerAtmel.a(QueueManager.o)
 .progmem.data.port_to_mode_PGM
                0x00000000       0x1a C:\Users\Ron\Documents\ArduinoRailroad\QueueManagerAtmel\QueueManagerAtmel\Debug\libQueueManagerAtmel.a(QueueManager.o)
 .group         0x00000000        0x8 C:\Users\Ron\Documents\ArduinoRailroad\QueueManagerAtmel\QueueManagerAtmel\Debug\libQueueManagerAtmel.a(PQueue.o)
 .group         0x00000000        0x8 C:\Users\Ron\Documents\ArduinoRailroad\QueueManagerAtmel\QueueManagerAtmel\Debug\libQueueManagerAtmel.a(PQueue.o)
 .text          0x00000000        0x0 C:\Users\Ron\Documents\ArduinoRailroad\QueueManagerAtmel\QueueManagerAtmel\Debug\libQueueManagerAtmel.a(PQueue.o)
 .data          0x00000000        0x0 C:\Users\Ron\Documents\ArduinoRailroad\QueueManagerAtmel\QueueManagerAtmel\Debug\libQueueManagerAtmel.a(PQueue.o)
 .bss           0x00000000        0x0 C:\Users\Ron\Documents\ArduinoRailroad\QueueManagerAtmel\QueueManagerAtmel\Debug\libQueueManagerAtmel.a(PQueue.o)
 .text._ZNSt6vectorI6StringSaIS0_EEaSERKS2_
                0x00000000      0x1ae C:\Users\Ron\Documents\ArduinoRailroad\QueueManagerAtmel\QueueManagerAtmel\Debug\libQueueManagerAtmel.a(PQueue.o)
 .text._ZNSt6vectorIiSaIiEEaSERKS1_
                0x00000000      0x134 C:\Users\Ron\Documents\ArduinoRailroad\QueueManagerAtmel\QueueManagerAtmel\Debug\libQueueManagerAtmel.a(PQueue.o)
 .text._ZN6PQueue6InsertE14TaskDefinition8TaskBasel
                0x00000000      0x1de C:\Users\Ron\Documents\ArduinoRailroad\QueueManagerAtmel\QueueManagerAtmel\Debug\libQueueManagerAtmel.a(PQueue.o)
 .progmem.data.digital_pin_to_timer_PGM
                0x00000000       0x46 C:\Users\Ron\Documents\ArduinoRailroad\QueueManagerAtmel\QueueManagerAtmel\Debug\libQueueManagerAtmel.a(PQueue.o)
 .progmem.data.digital_pin_to_bit_mask_PGM
                0x00000000       0x46 C:\Users\Ron\Documents\ArduinoRailroad\QueueManagerAtmel\QueueManagerAtmel\Debug\libQueueManagerAtmel.a(PQueue.o)
 .progmem.data.digital_pin_to_port_PGM
                0x00000000       0x46 C:\Users\Ron\Documents\ArduinoRailroad\QueueManagerAtmel\QueueManagerAtmel\Debug\libQueueManagerAtmel.a(PQueue.o)
 .progmem.data.port_to_input_PGM
                0x00000000       0x1a C:\Users\Ron\Documents\ArduinoRailroad\QueueManagerAtmel\QueueManagerAtmel\Debug\libQueueManagerAtmel.a(PQueue.o)
 .progmem.data.port_to_output_PGM
                0x00000000       0x1a C:\Users\Ron\Documents\ArduinoRailroad\QueueManagerAtmel\QueueManagerAtmel\Debug\libQueueManagerAtmel.a(PQueue.o)
 .progmem.data.port_to_mode_PGM
                0x00000000       0x1a C:\Users\Ron\Documents\ArduinoRailroad\QueueManagerAtmel\QueueManagerAtmel\Debug\libQueueManagerAtmel.a(PQueue.o)
 .text          0x00000000        0x0 c:/program files (x86)/atmel/atmel toolchain/avr8 gcc/native/3.4.1061/avr8-gnu-toolchain/bin/../lib/gcc/avr/4.8.1/avr6\libgcc.a(_exit.o)
 .data          0x00000000        0x0 c:/program files (x86)/atmel/atmel toolchain/avr8 gcc/native/3.4.1061/avr8-gnu-toolchain/bin/../lib/gcc/avr/4.8.1/avr6\libgcc.a(_exit.o)
 .bss           0x00000000        0x0 c:/program files (x86)/atmel/atmel toolchain/avr8 gcc/native/3.4.1061/avr8-gnu-toolchain/bin/../lib/gcc/avr/4.8.1/avr6\libgcc.a(_exit.o)
 .text.libgcc.mul
                0x00000000        0x0 c:/program files (x86)/atmel/atmel toolchain/avr8 gcc/native/3.4.1061/avr8-gnu-toolchain/bin/../lib/gcc/avr/4.8.1/avr6\libgcc.a(_exit.o)
 .text.libgcc.div
                0x00000000        0x0 c:/program files (x86)/atmel/atmel toolchain/avr8 gcc/native/3.4.1061/avr8-gnu-toolchain/bin/../lib/gcc/avr/4.8.1/avr6\libgcc.a(_exit.o)
 .text.libgcc   0x00000000        0x0 c:/program files (x86)/atmel/atmel toolchain/avr8 gcc/native/3.4.1061/avr8-gnu-toolchain/bin/../lib/gcc/avr/4.8.1/avr6\libgcc.a(_exit.o)
 .text.libgcc.prologue
                0x00000000        0x0 c:/program files (x86)/atmel/atmel toolchain/avr8 gcc/native/3.4.1061/avr8-gnu-toolchain/bin/../lib/gcc/avr/4.8.1/avr6\libgcc.a(_exit.o)
 .text.libgcc.builtins
                0x00000000        0x0 c:/program files (x86)/atmel/atmel toolchain/avr8 gcc/native/3.4.1061/avr8-gnu-toolchain/bin/../lib/gcc/avr/4.8.1/avr6\libgcc.a(_exit.o)
 .text.libgcc.fmul
                0x00000000        0x0 c:/program files (x86)/atmel/atmel toolchain/avr8 gcc/native/3.4.1061/avr8-gnu-toolchain/bin/../lib/gcc/avr/4.8.1/avr6\libgcc.a(_exit.o)
 .text.libgcc.fixed
                0x00000000        0x0 c:/program files (x86)/atmel/atmel toolchain/avr8 gcc/native/3.4.1061/avr8-gnu-toolchain/bin/../lib/gcc/avr/4.8.1/avr6\libgcc.a(_exit.o)
 .text          0x00000000        0x0 c:/program files (x86)/atmel/atmel toolchain/avr8 gcc/native/3.4.1061/avr8-gnu-toolchain/bin/../lib/gcc/avr/4.8.1/avr6\libgcc.a(_copy_data.o)
 .data          0x00000000        0x0 c:/program files (x86)/atmel/atmel toolchain/avr8 gcc/native/3.4.1061/avr8-gnu-toolchain/bin/../lib/gcc/avr/4.8.1/avr6\libgcc.a(_copy_data.o)
 .bss           0x00000000        0x0 c:/program files (x86)/atmel/atmel toolchain/avr8 gcc/native/3.4.1061/avr8-gnu-toolchain/bin/../lib/gcc/avr/4.8.1/avr6\libgcc.a(_copy_data.o)
 .text.libgcc.mul
                0x00000000        0x0 c:/program files (x86)/atmel/atmel toolchain/avr8 gcc/native/3.4.1061/avr8-gnu-toolchain/bin/../lib/gcc/avr/4.8.1/avr6\libgcc.a(_copy_data.o)
 .text.libgcc.div
                0x00000000        0x0 c:/program files (x86)/atmel/atmel toolchain/avr8 gcc/native/3.4.1061/avr8-gnu-toolchain/bin/../lib/gcc/avr/4.8.1/avr6\libgcc.a(_copy_data.o)
 .text.libgcc   0x00000000        0x0 c:/program files (x86)/atmel/atmel toolchain/avr8 gcc/native/3.4.1061/avr8-gnu-toolchain/bin/../lib/gcc/avr/4.8.1/avr6\libgcc.a(_copy_data.o)
 .text.libgcc.prologue
                0x00000000        0x0 c:/program files (x86)/atmel/atmel toolchain/avr8 gcc/native/3.4.1061/avr8-gnu-toolchain/bin/../lib/gcc/avr/4.8.1/avr6\libgcc.a(_copy_data.o)
 .text.libgcc.builtins
                0x00000000        0x0 c:/program files (x86)/atmel/atmel toolchain/avr8 gcc/native/3.4.1061/avr8-gnu-toolchain/bin/../lib/gcc/avr/4.8.1/avr6\libgcc.a(_copy_data.o)
 .text.libgcc.fmul
                0x00000000        0x0 c:/program files (x86)/atmel/atmel toolchain/avr8 gcc/native/3.4.1061/avr8-gnu-toolchain/bin/../lib/gcc/avr/4.8.1/avr6\libgcc.a(_copy_data.o)
 .text.libgcc.fixed
                0x00000000        0x0 c:/program files (x86)/atmel/atmel toolchain/avr8 gcc/native/3.4.1061/avr8-gnu-toolchain/bin/../lib/gcc/avr/4.8.1/avr6\libgcc.a(_copy_data.o)

Memory Configuration

Name             Origin             Length             Attributes
text             0x00000000         0x00100000         xr
data             0x00800200         0x0000fe00         rw !x
eeprom           0x00810000         0x00010000         rw !x
fuse             0x00820000         0x00000400         rw !x
lock             0x00830000         0x00000400         rw !x
signature        0x00840000         0x00000400         rw !x
user_signatures  0x00850000         0x00000400         rw !x
*default*        0x00000000         0xffffffff

Linker script and memory map

Address of section .data set to 0x800200
LOAD c:/program files (x86)/atmel/atmel toolchain/avr8 gcc/native/3.4.1061/avr8-gnu-toolchain/bin/../lib/gcc/avr/4.8.1/../../../../avr/lib/avr6/crtm2560.o
LOAD Test.o
START GROUP
LOAD c:/program files (x86)/atmel/atmel toolchain/avr8 gcc/native/3.4.1061/avr8-gnu-toolchain/bin/../lib/gcc/avr/4.8.1/../../../../avr/lib/avr6\libm.a
LOAD C:\Users\Ron\Documents\ArduinoRailroad\QueueManagerAtmel\QueueManagerAtmel\Debug\libQueueManagerAtmel.a
LOAD C:\Users\Ron\Documents\ArduinoRailroad\QueueManagerAtmel\stlport\Debug\libstlport.a
END GROUP
LOAD c:/program files (x86)/atmel/atmel toolchain/avr8 gcc/native/3.4.1061/avr8-gnu-toolchain/bin/../lib/gcc/avr/4.8.1/avr6\libgcc.a
LOAD c:/program files (x86)/atmel/atmel toolchain/avr8 gcc/native/3.4.1061/avr8-gnu-toolchain/bin/../lib/gcc/avr/4.8.1/../../../../avr/lib/avr6\libm.a
START GROUP
LOAD c:/program files (x86)/atmel/atmel toolchain/avr8 gcc/native/3.4.1061/avr8-gnu-toolchain/bin/../lib/gcc/avr/4.8.1/avr6\libgcc.a
LOAD c:/program files (x86)/atmel/atmel toolchain/avr8 gcc/native/3.4.1061/avr8-gnu-toolchain/bin/../lib/gcc/avr/4.8.1/../../../../avr/lib/avr6\libm.a
LOAD c:/program files (x86)/atmel/atmel toolchain/avr8 gcc/native/3.4.1061/avr8-gnu-toolchain/bin/../lib/gcc/avr/4.8.1/../../../../avr/lib/avr6\libc.a
END GROUP

.hash
 *(.hash)

.dynsym
 *(.dynsym)

.dynstr
 *(.dynstr)

.gnu.version
 *(.gnu.version)

.gnu.version_d
 *(.gnu.version_d)

.gnu.version_r
 *(.gnu.version_r)

.rel.init
 *(.rel.init)

.rela.init
 *(.rela.init)

.rel.text
 *(.rel.text)
 *(.rel.text.*)
 *(.rel.gnu.linkonce.t*)

.rela.text
 *(.rela.text)
 *(.rela.text.*)
 *(.rela.gnu.linkonce.t*)

.rel.fini
 *(.rel.fini)

.rela.fini
 *(.rela.fini)

.rel.rodata
 *(.rel.rodata)
 *(.rel.rodata.*)
 *(.rel.gnu.linkonce.r*)

.rela.rodata
 *(.rela.rodata)
 *(.rela.rodata.*)
 *(.rela.gnu.linkonce.r*)

.rel.data
 *(.rel.data)
 *(.rel.data.*)
 *(.rel.gnu.linkonce.d*)

.rela.data
 *(.rela.data)
 *(.rela.data.*)
 *(.rela.gnu.linkonce.d*)

.rel.ctors
 *(.rel.ctors)

.rela.ctors
 *(.rela.ctors)

.rel.dtors
 *(.rel.dtors)

.rela.dtors
 *(.rela.dtors)

.rel.got
 *(.rel.got)

.rela.got
 *(.rela.got)

.rel.bss
 *(.rel.bss)

.rela.bss
 *(.rela.bss)

.rel.plt
 *(.rel.plt)

.rela.plt
 *(.rela.plt)

.text           0x00000000      0x1ba
 *(.vectors)
 .vectors       0x00000000       0xe4 c:/program files (x86)/atmel/atmel toolchain/avr8 gcc/native/3.4.1061/avr8-gnu-toolchain/bin/../lib/gcc/avr/4.8.1/../../../../avr/lib/avr6/crtm2560.o
                0x00000000                __vector_default
                0x00000000                __vectors
 *(.vectors)
 *(.progmem.gcc*)
                0x000000e4                . = ALIGN (0x2)
                0x000000e4                __trampolines_start = .
 *(.trampolines)
 .trampolines   0x000000e4        0x0 linker stubs
 *(.trampolines*)
                0x000000e4                __trampolines_end = .
 *(.progmem*)
                0x000000e4                . = ALIGN (0x2)
 *(.jumptables)
 *(.jumptables*)
 *(.lowtext)
 *(.lowtext*)
                0x000000e4                __ctors_start = .
 *(.ctors)
                0x000000e4                __ctors_end = .
                0x000000e4                __dtors_start = .
 *(.dtors)
                0x000000e4                __dtors_end = .
 SORT(*)(.ctors)
 SORT(*)(.dtors)
 *(.init0)
 .init0         0x000000e4        0x0 c:/program files (x86)/atmel/atmel toolchain/avr8 gcc/native/3.4.1061/avr8-gnu-toolchain/bin/../lib/gcc/avr/4.8.1/../../../../avr/lib/avr6/crtm2560.o
                0x000000e4                __init
 *(.init0)
 *(.init1)
 *(.init1)
 *(.init2)
 .init2         0x000000e4       0x10 c:/program files (x86)/atmel/atmel toolchain/avr8 gcc/native/3.4.1061/avr8-gnu-toolchain/bin/../lib/gcc/avr/4.8.1/../../../../avr/lib/avr6/crtm2560.o
 *(.init2)
 *(.init3)
 *(.init3)
 *(.init4)
 .init4         0x000000f4       0x1a c:/program files (x86)/atmel/atmel toolchain/avr8 gcc/native/3.4.1061/avr8-gnu-toolchain/bin/../lib/gcc/avr/4.8.1/avr6\libgcc.a(_copy_data.o)
                0x000000f4                __do_copy_data
 *(.init4)
 *(.init5)
 *(.init5)
 *(.init6)
 *(.init6)
 *(.init7)
 *(.init7)
 *(.init8)
 *(.init8)
 *(.init9)
 .init9         0x0000010e        0x8 c:/program files (x86)/atmel/atmel toolchain/avr8 gcc/native/3.4.1061/avr8-gnu-toolchain/bin/../lib/gcc/avr/4.8.1/../../../../avr/lib/avr6/crtm2560.o
 *(.init9)
 *(.text)
 .text          0x00000116        0x4 c:/program files (x86)/atmel/atmel toolchain/avr8 gcc/native/3.4.1061/avr8-gnu-toolchain/bin/../lib/gcc/avr/4.8.1/../../../../avr/lib/avr6/crtm2560.o
                0x00000116                __vector_38
                0x00000116                __vector_22
                0x00000116                __vector_28
                0x00000116                __vector_1
                0x00000116                __vector_32
                0x00000116                __vector_34
                0x00000116                __vector_24
                0x00000116                __vector_12
                0x00000116                __vector_55
                0x00000116                __vector_46
                0x00000116                __bad_interrupt
                0x00000116                __vector_6
                0x00000116                __vector_31
                0x00000116                __vector_35
                0x00000116                __vector_39
                0x00000116                __vector_3
                0x00000116                __vector_23
                0x00000116                __vector_30
                0x00000116                __vector_45
                0x00000116                __vector_25
                0x00000116                __vector_11
                0x00000116                __vector_54
                0x00000116                __vector_13
                0x00000116                __vector_17
                0x00000116                __vector_19
                0x00000116                __vector_56
                0x00000116                __vector_7
                0x00000116                __vector_49
                0x00000116                __vector_41
                0x00000116                __vector_43
                0x00000116                __vector_27
                0x00000116                __vector_5
                0x00000116                __vector_33
                0x00000116                __vector_47
                0x00000116                __vector_52
                0x00000116                __vector_37
                0x00000116                __vector_4
                0x00000116                __vector_44
                0x00000116                __vector_51
                0x00000116                __vector_9
                0x00000116                __vector_2
                0x00000116                __vector_21
                0x00000116                __vector_15
                0x00000116                __vector_36
                0x00000116                __vector_29
                0x00000116                __vector_40
                0x00000116                __vector_8
                0x00000116                __vector_26
                0x00000116                __vector_48
                0x00000116                __vector_14
                0x00000116                __vector_53
                0x00000116                __vector_10
                0x00000116                __vector_50
                0x00000116                __vector_16
                0x00000116                __vector_18
                0x00000116                __vector_20
                0x00000116                __vector_42
                0x0000011a                . = ALIGN (0x2)
 *(.text.*)
 .text.main     0x0000011a        0xe Test.o
                0x0000011a                main
 .text._ZN12QueueManagerC2Ev
                0x00000128       0x86 C:\Users\Ron\Documents\ArduinoRailroad\QueueManagerAtmel\QueueManagerAtmel\Debug\libQueueManagerAtmel.a(QueueManager.o)
                0x00000128                _ZN12QueueManagerC2Ev
                0x00000128                _ZN12QueueManagerC1Ev
 .text._ZN6PQueueC2Ev
                0x000001ae        0x8 C:\Users\Ron\Documents\ArduinoRailroad\QueueManagerAtmel\QueueManagerAtmel\Debug\libQueueManagerAtmel.a(PQueue.o)
                0x000001ae                _ZN6PQueueC1Ev
                0x000001ae                _ZN6PQueueC2Ev
                0x000001b6                . = ALIGN (0x2)
 *(.fini9)
 .fini9         0x000001b6        0x0 c:/program files (x86)/atmel/atmel toolchain/avr8 gcc/native/3.4.1061/avr8-gnu-toolchain/bin/../lib/gcc/avr/4.8.1/avr6\libgcc.a(_exit.o)
                0x000001b6                _exit
                0x000001b6                exit
 *(.fini9)
 *(.fini8)
 *(.fini8)
 *(.fini7)
 *(.fini7)
 *(.fini6)
 *(.fini6)
 *(.fini5)
 *(.fini5)
 *(.fini4)
 *(.fini4)
 *(.fini3)
 *(.fini3)
 *(.fini2)
 *(.fini2)
 *(.fini1)
 *(.fini1)
 *(.fini0)
 .fini0         0x000001b6        0x4 c:/program files (x86)/atmel/atmel toolchain/avr8 gcc/native/3.4.1061/avr8-gnu-toolchain/bin/../lib/gcc/avr/4.8.1/avr6\libgcc.a(_exit.o)
 *(.fini0)
                0x000001ba                _etext = .

.data           0x00800200       0x42 load address 0x000001ba
                0x00800200                PROVIDE (__data_start, .)
 *(.data)
 *(.data*)
 *(.rodata)
 *(.rodata*)
 .rodata.str1.1
                0x00800200       0x42 C:\Users\Ron\Documents\ArduinoRailroad\QueueManagerAtmel\QueueManagerAtmel\Debug\libQueueManagerAtmel.a(QueueManager.o)
 *(.gnu.linkonce.d*)
                0x00800242                . = ALIGN (0x2)
                0x00800242                _edata = .
                0x00800242                PROVIDE (__data_end, .)

.bss            0x00800242        0x0
                0x00800242                PROVIDE (__bss_start, .)
 *(.bss)
 *(.bss*)
 *(COMMON)
                0x00800242                PROVIDE (__bss_end, .)
                0x000001ba                __data_load_start = LOADADDR (.data)
                0x000001fc                __data_load_end = (__data_load_start + SIZEOF (.data))

.noinit         0x00800242        0x0
                0x00800242                PROVIDE (__noinit_start, .)
 *(.noinit*)
                0x00800242                PROVIDE (__noinit_end, .)
                0x00800242                _end = .
                0x00800242                PROVIDE (__heap_start, .)

.eeprom         0x00810000        0x0
 *(.eeprom*)
                0x00810000                __eeprom_end = .

.fuse
 *(.fuse)
 *(.lfuse)
 *(.hfuse)
 *(.efuse)

.lock
 *(.lock*)

.signature
 *(.signature*)

.user_signatures
 *(.user_signatures*)

.stab
 *(.stab)

.stabstr
 *(.stabstr)

.stab.excl
 *(.stab.excl)

.stab.exclstr
 *(.stab.exclstr)

.stab.index
 *(.stab.index)

.stab.indexstr
 *(.stab.indexstr)

.comment        0x00000000       0x30
 *(.comment)
 .comment       0x00000000       0x30 Test.o
                                 0x31 (size before relaxing)
 .comment       0x00000000       0x31 C:\Users\Ron\Documents\ArduinoRailroad\QueueManagerAtmel\QueueManagerAtmel\Debug\libQueueManagerAtmel.a(QueueManager.o)
 .comment       0x00000000       0x31 C:\Users\Ron\Documents\ArduinoRailroad\QueueManagerAtmel\QueueManagerAtmel\Debug\libQueueManagerAtmel.a(PQueue.o)

.note.gnu.build-id
 *(.note.gnu.build-id)

.debug
 *(.debug)

.line
 *(.line)

.debug_srcinfo
 *(.debug_srcinfo)

.debug_sfnames
 *(.debug_sfnames)

.debug_aranges  0x00000000       0xa8
 *(.debug_aranges)
 .debug_aranges
                0x00000000       0x20 Test.o
 .debug_aranges
                0x00000020       0x50 C:\Users\Ron\Documents\ArduinoRailroad\QueueManagerAtmel\QueueManagerAtmel\Debug\libQueueManagerAtmel.a(QueueManager.o)
 .debug_aranges
                0x00000070       0x38 C:\Users\Ron\Documents\ArduinoRailroad\QueueManagerAtmel\QueueManagerAtmel\Debug\libQueueManagerAtmel.a(PQueue.o)

.debug_pubnames
 *(.debug_pubnames)

.debug_info     0x00000000     0xe7dd
 *(.debug_info .gnu.linkonce.wi.*)
 .debug_info    0x00000000     0x4610 Test.o
 .debug_info    0x00004610     0x52ba C:\Users\Ron\Documents\ArduinoRailroad\QueueManagerAtmel\QueueManagerAtmel\Debug\libQueueManagerAtmel.a(QueueManager.o)
 .debug_info    0x000098ca     0x4f13 C:\Users\Ron\Documents\ArduinoRailroad\QueueManagerAtmel\QueueManagerAtmel\Debug\libQueueManagerAtmel.a(PQueue.o)

.debug_abbrev   0x00000000     0x13f1
 *(.debug_abbrev)
 .debug_abbrev  0x00000000      0x5a5 Test.o
 .debug_abbrev  0x000005a5      0x72e C:\Users\Ron\Documents\ArduinoRailroad\QueueManagerAtmel\QueueManagerAtmel\Debug\libQueueManagerAtmel.a(QueueManager.o)
 .debug_abbrev  0x00000cd3      0x71e C:\Users\Ron\Documents\ArduinoRailroad\QueueManagerAtmel\QueueManagerAtmel\Debug\libQueueManagerAtmel.a(PQueue.o)

.debug_line     0x00000000      0xe92
 *(.debug_line .debug_line.* .debug_line_end)
 .debug_line    0x00000000      0x370 Test.o
 .debug_line    0x00000370      0x573 C:\Users\Ron\Documents\ArduinoRailroad\QueueManagerAtmel\QueueManagerAtmel\Debug\libQueueManagerAtmel.a(QueueManager.o)
 .debug_line    0x000008e3      0x5af C:\Users\Ron\Documents\ArduinoRailroad\QueueManagerAtmel\QueueManagerAtmel\Debug\libQueueManagerAtmel.a(PQueue.o)

.debug_frame    0x00000000      0x244
 *(.debug_frame)
 .debug_frame   0x00000000       0x24 Test.o
 .debug_frame   0x00000024      0x128 C:\Users\Ron\Documents\ArduinoRailroad\QueueManagerAtmel\QueueManagerAtmel\Debug\libQueueManagerAtmel.a(QueueManager.o)
 .debug_frame   0x0000014c       0xf8 C:\Users\Ron\Documents\ArduinoRailroad\QueueManagerAtmel\QueueManagerAtmel\Debug\libQueueManagerAtmel.a(PQueue.o)

.debug_str      0x00000000     0x318d
 *(.debug_str)
 .debug_str     0x00000000     0x2edb Test.o
                               0x3089 (size before relaxing)
 .debug_str     0x00002edb      0x260 C:\Users\Ron\Documents\ArduinoRailroad\QueueManagerAtmel\QueueManagerAtmel\Debug\libQueueManagerAtmel.a(QueueManager.o)
                               0x31de (size before relaxing)
 .debug_str     0x0000313b       0x52 C:\Users\Ron\Documents\ArduinoRailroad\QueueManagerAtmel\QueueManagerAtmel\Debug\libQueueManagerAtmel.a(PQueue.o)
                               0x2f71 (size before relaxing)

.debug_loc      0x00000000     0x10d9
 *(.debug_loc)
 .debug_loc     0x00000000      0x602 C:\Users\Ron\Documents\ArduinoRailroad\QueueManagerAtmel\QueueManagerAtmel\Debug\libQueueManagerAtmel.a(QueueManager.o)
 .debug_loc     0x00000602      0xad7 C:\Users\Ron\Documents\ArduinoRailroad\QueueManagerAtmel\QueueManagerAtmel\Debug\libQueueManagerAtmel.a(PQueue.o)

.debug_macinfo
 *(.debug_macinfo)

.debug_weaknames
 *(.debug_weaknames)

.debug_funcnames
 *(.debug_funcnames)

.debug_typenames
 *(.debug_typenames)

.debug_varnames
 *(.debug_varnames)

.debug_pubtypes
 *(.debug_pubtypes)

.debug_ranges   0x00000000       0x90
 *(.debug_ranges)
 .debug_ranges  0x00000000       0x10 Test.o
 .debug_ranges  0x00000010       0x40 C:\Users\Ron\Documents\ArduinoRailroad\QueueManagerAtmel\QueueManagerAtmel\Debug\libQueueManagerAtmel.a(QueueManager.o)
 .debug_ranges  0x00000050       0x40 C:\Users\Ron\Documents\ArduinoRailroad\QueueManagerAtmel\QueueManagerAtmel\Debug\libQueueManagerAtmel.a(PQueue.o)

.debug_macro
 *(.debug_macro)
OUTPUT(Test.elf elf32-avr)
LOAD linker stubs
