Archive member included because of file (symbol)

../../../arduinoCore\libcore.a(main.cpp.o)
                              c:/program files (x86)/atmel/atmel toolchain/avr8 gcc/native/3.4.1061/avr8-gnu-toolchain/bin/../lib/gcc/avr/4.8.1/../../../../avr/lib/avr6/crtm2560.o (main)
../../../arduinoCore\libcore.a(wiring.c.o)
                              ../../../arduinoCore\libcore.a(main.cpp.o) (init)
../../../arduinoCore\libcore.a(hooks.c.o)
                              ../../../arduinoCore\libcore.a(wiring.c.o) (yield)
c:/program files (x86)/atmel/atmel toolchain/avr8 gcc/native/3.4.1061/avr8-gnu-toolchain/bin/../lib/gcc/avr/4.8.1/avr6\libgcc.a(_exit.o)
                              c:/program files (x86)/atmel/atmel toolchain/avr8 gcc/native/3.4.1061/avr8-gnu-toolchain/bin/../lib/gcc/avr/4.8.1/../../../../avr/lib/avr6/crtm2560.o (exit)
c:/program files (x86)/atmel/atmel toolchain/avr8 gcc/native/3.4.1061/avr8-gnu-toolchain/bin/../lib/gcc/avr/4.8.1/avr6\libgcc.a(_clear_bss.o)
                              MyClass.o (__do_clear_bss)

Discarded input sections

 .data          0x00000000        0x0 c:/program files (x86)/atmel/atmel toolchain/avr8 gcc/native/3.4.1061/avr8-gnu-toolchain/bin/../lib/gcc/avr/4.8.1/../../../../avr/lib/avr6/crtm2560.o
 .bss           0x00000000        0x0 c:/program files (x86)/atmel/atmel toolchain/avr8 gcc/native/3.4.1061/avr8-gnu-toolchain/bin/../lib/gcc/avr/4.8.1/../../../../avr/lib/avr6/crtm2560.o
 .text          0x00000000        0x0 MyClass.o
 .data          0x00000000        0x0 MyClass.o
 .bss           0x00000000        0x0 MyClass.o
 .text._ZN7MyClass5setupEv
                0x00000000        0x2 MyClass.o
 .text._ZN7MyClass4loopEv
                0x00000000        0x2 MyClass.o
 .bss.myClass   0x00000000        0x1 MyClass.o
 .debug_info    0x00000000       0xe4 MyClass.o
 .debug_abbrev  0x00000000       0x9e MyClass.o
 .debug_aranges
                0x00000000       0x28 MyClass.o
 .debug_ranges  0x00000000       0x18 MyClass.o
 .debug_line    0x00000000       0x59 MyClass.o
 .debug_str     0x00000000      0x158 MyClass.o
 .comment       0x00000000       0x31 MyClass.o
 .debug_frame   0x00000000       0x34 MyClass.o
 .text          0x00000000        0x0 ../../../arduinoCore\libcore.a(main.cpp.o)
 .data          0x00000000        0x0 ../../../arduinoCore\libcore.a(main.cpp.o)
 .bss           0x00000000        0x0 ../../../arduinoCore\libcore.a(main.cpp.o)
 .text.atexit   0x00000000        0x6 ../../../arduinoCore\libcore.a(main.cpp.o)
 .debug_info    0x00000000      0x24e ../../../arduinoCore\libcore.a(main.cpp.o)
 .debug_abbrev  0x00000000       0xd7 ../../../arduinoCore\libcore.a(main.cpp.o)
 .debug_loc     0x00000000       0x26 ../../../arduinoCore\libcore.a(main.cpp.o)
 .debug_aranges
                0x00000000       0x30 ../../../arduinoCore\libcore.a(main.cpp.o)
 .debug_ranges  0x00000000       0x20 ../../../arduinoCore\libcore.a(main.cpp.o)
 .debug_line    0x00000000      0x156 ../../../arduinoCore\libcore.a(main.cpp.o)
 .debug_str     0x00000000      0x1e0 ../../../arduinoCore\libcore.a(main.cpp.o)
 .debug_frame   0x00000000       0x44 ../../../arduinoCore\libcore.a(main.cpp.o)
 .text          0x00000000        0x0 ../../../arduinoCore\libcore.a(wiring.c.o)
 .data          0x00000000        0x0 ../../../arduinoCore\libcore.a(wiring.c.o)
 .bss           0x00000000        0x0 ../../../arduinoCore\libcore.a(wiring.c.o)
 .text.millis   0x00000000       0x18 ../../../arduinoCore\libcore.a(wiring.c.o)
 .text.micros   0x00000000       0x46 ../../../arduinoCore\libcore.a(wiring.c.o)
 .text.delay    0x00000000       0x50 ../../../arduinoCore\libcore.a(wiring.c.o)
 .text.delayMicroseconds
                0x00000000       0x14 ../../../arduinoCore\libcore.a(wiring.c.o)
 .debug_info    0x00000000      0x320 ../../../arduinoCore\libcore.a(wiring.c.o)
 .debug_abbrev  0x00000000      0x143 ../../../arduinoCore\libcore.a(wiring.c.o)
 .debug_loc     0x00000000      0x22b ../../../arduinoCore\libcore.a(wiring.c.o)
 .debug_aranges
                0x00000000       0x48 ../../../arduinoCore\libcore.a(wiring.c.o)
 .debug_ranges  0x00000000       0x38 ../../../arduinoCore\libcore.a(wiring.c.o)
 .debug_line    0x00000000      0x1c7 ../../../arduinoCore\libcore.a(wiring.c.o)
 .debug_str     0x00000000      0x1a0 ../../../arduinoCore\libcore.a(wiring.c.o)
 .debug_frame   0x00000000       0xbc ../../../arduinoCore\libcore.a(wiring.c.o)
 .text          0x00000000        0x0 ../../../arduinoCore\libcore.a(hooks.c.o)
 .data          0x00000000        0x0 ../../../arduinoCore\libcore.a(hooks.c.o)
 .bss           0x00000000        0x0 ../../../arduinoCore\libcore.a(hooks.c.o)
 .text.__empty  0x00000000        0x2 ../../../arduinoCore\libcore.a(hooks.c.o)
 .debug_info    0x00000000       0x3a ../../../arduinoCore\libcore.a(hooks.c.o)
 .debug_abbrev  0x00000000       0x28 ../../../arduinoCore\libcore.a(hooks.c.o)
 .debug_aranges
                0x00000000       0x20 ../../../arduinoCore\libcore.a(hooks.c.o)
 .debug_ranges  0x00000000       0x10 ../../../arduinoCore\libcore.a(hooks.c.o)
 .debug_line    0x00000000       0x7a ../../../arduinoCore\libcore.a(hooks.c.o)
 .debug_str     0x00000000       0x9e ../../../arduinoCore\libcore.a(hooks.c.o)
 .comment       0x00000000       0x12 ../../../arduinoCore\libcore.a(hooks.c.o)
 .debug_frame   0x00000000       0x24 ../../../arduinoCore\libcore.a(hooks.c.o)
 .text          0x00000000        0x0 c:/program files (x86)/atmel/atmel toolchain/avr8 gcc/native/3.4.1061/avr8-gnu-toolchain/bin/../lib/gcc/avr/4.8.1/avr6\libgcc.a(_exit.o)
 .data          0x00000000        0x0 c:/program files (x86)/atmel/atmel toolchain/avr8 gcc/native/3.4.1061/avr8-gnu-toolchain/bin/../lib/gcc/avr/4.8.1/avr6\libgcc.a(_exit.o)
 .bss           0x00000000        0x0 c:/program files (x86)/atmel/atmel toolchain/avr8 gcc/native/3.4.1061/avr8-gnu-toolchain/bin/../lib/gcc/avr/4.8.1/avr6\libgcc.a(_exit.o)
 .text.libgcc.mul
                0x00000000        0x0 c:/program files (x86)/atmel/atmel toolchain/avr8 gcc/native/3.4.1061/avr8-gnu-toolchain/bin/../lib/gcc/avr/4.8.1/avr6\libgcc.a(_exit.o)
 .text.libgcc.div
                0x00000000        0x0 c:/program files (x86)/atmel/atmel toolchain/avr8 gcc/native/3.4.1061/avr8-gnu-toolchain/bin/../lib/gcc/avr/4.8.1/avr6\libgcc.a(_exit.o)
 .text.libgcc   0x00000000        0x0 c:/program files (x86)/atmel/atmel toolchain/avr8 gcc/native/3.4.1061/avr8-gnu-toolchain/bin/../lib/gcc/avr/4.8.1/avr6\libgcc.a(_exit.o)
 .text.libgcc.prologue
                0x00000000        0x0 c:/program files (x86)/atmel/atmel toolchain/avr8 gcc/native/3.4.1061/avr8-gnu-toolchain/bin/../lib/gcc/avr/4.8.1/avr6\libgcc.a(_exit.o)
 .text.libgcc.builtins
                0x00000000        0x0 c:/program files (x86)/atmel/atmel toolchain/avr8 gcc/native/3.4.1061/avr8-gnu-toolchain/bin/../lib/gcc/avr/4.8.1/avr6\libgcc.a(_exit.o)
 .text.libgcc.fmul
                0x00000000        0x0 c:/program files (x86)/atmel/atmel toolchain/avr8 gcc/native/3.4.1061/avr8-gnu-toolchain/bin/../lib/gcc/avr/4.8.1/avr6\libgcc.a(_exit.o)
 .text.libgcc.fixed
                0x00000000        0x0 c:/program files (x86)/atmel/atmel toolchain/avr8 gcc/native/3.4.1061/avr8-gnu-toolchain/bin/../lib/gcc/avr/4.8.1/avr6\libgcc.a(_exit.o)
 .text          0x00000000        0x0 c:/program files (x86)/atmel/atmel toolchain/avr8 gcc/native/3.4.1061/avr8-gnu-toolchain/bin/../lib/gcc/avr/4.8.1/avr6\libgcc.a(_clear_bss.o)
 .data          0x00000000        0x0 c:/program files (x86)/atmel/atmel toolchain/avr8 gcc/native/3.4.1061/avr8-gnu-toolchain/bin/../lib/gcc/avr/4.8.1/avr6\libgcc.a(_clear_bss.o)
 .bss           0x00000000        0x0 c:/program files (x86)/atmel/atmel toolchain/avr8 gcc/native/3.4.1061/avr8-gnu-toolchain/bin/../lib/gcc/avr/4.8.1/avr6\libgcc.a(_clear_bss.o)
 .text.libgcc.mul
                0x00000000        0x0 c:/program files (x86)/atmel/atmel toolchain/avr8 gcc/native/3.4.1061/avr8-gnu-toolchain/bin/../lib/gcc/avr/4.8.1/avr6\libgcc.a(_clear_bss.o)
 .text.libgcc.div
                0x00000000        0x0 c:/program files (x86)/atmel/atmel toolchain/avr8 gcc/native/3.4.1061/avr8-gnu-toolchain/bin/../lib/gcc/avr/4.8.1/avr6\libgcc.a(_clear_bss.o)
 .text.libgcc   0x00000000        0x0 c:/program files (x86)/atmel/atmel toolchain/avr8 gcc/native/3.4.1061/avr8-gnu-toolchain/bin/../lib/gcc/avr/4.8.1/avr6\libgcc.a(_clear_bss.o)
 .text.libgcc.prologue
                0x00000000        0x0 c:/program files (x86)/atmel/atmel toolchain/avr8 gcc/native/3.4.1061/avr8-gnu-toolchain/bin/../lib/gcc/avr/4.8.1/avr6\libgcc.a(_clear_bss.o)
 .text.libgcc.builtins
                0x00000000        0x0 c:/program files (x86)/atmel/atmel toolchain/avr8 gcc/native/3.4.1061/avr8-gnu-toolchain/bin/../lib/gcc/avr/4.8.1/avr6\libgcc.a(_clear_bss.o)
 .text.libgcc.fmul
                0x00000000        0x0 c:/program files (x86)/atmel/atmel toolchain/avr8 gcc/native/3.4.1061/avr8-gnu-toolchain/bin/../lib/gcc/avr/4.8.1/avr6\libgcc.a(_clear_bss.o)
 .text.libgcc.fixed
                0x00000000        0x0 c:/program files (x86)/atmel/atmel toolchain/avr8 gcc/native/3.4.1061/avr8-gnu-toolchain/bin/../lib/gcc/avr/4.8.1/avr6\libgcc.a(_clear_bss.o)

Memory Configuration

Name             Origin             Length             Attributes
text             0x00000000         0x00100000         xr
data             0x00800200         0x0000fe00         rw !x
eeprom           0x00810000         0x00010000         rw !x
fuse             0x00820000         0x00000400         rw !x
lock             0x00830000         0x00000400         rw !x
signature        0x00840000         0x00000400         rw !x
user_signatures  0x00850000         0x00000400         rw !x
*default*        0x00000000         0xffffffff

Linker script and memory map

Address of section .data set to 0x800200
LOAD c:/program files (x86)/atmel/atmel toolchain/avr8 gcc/native/3.4.1061/avr8-gnu-toolchain/bin/../lib/gcc/avr/4.8.1/../../../../avr/lib/avr6/crtm2560.o
LOAD MyClass.o
START GROUP
LOAD ../../../arduinoCore\libcore.a
LOAD C:\Users\Ron\Documents\ArduinoRailroad\QueueManagerAtmel\QueueManagerAtmel\Debug\libQueueManagerAtmel.a
LOAD C:\Users\Ron\Documents\ArduinoRailroad\QueueManagerAtmel\stlport\Debug\libstlport.a
END GROUP
LOAD c:/program files (x86)/atmel/atmel toolchain/avr8 gcc/native/3.4.1061/avr8-gnu-toolchain/bin/../lib/gcc/avr/4.8.1/avr6\libgcc.a
LOAD c:/program files (x86)/atmel/atmel toolchain/avr8 gcc/native/3.4.1061/avr8-gnu-toolchain/bin/../lib/gcc/avr/4.8.1/../../../../avr/lib/avr6\libm.a
START GROUP
LOAD c:/program files (x86)/atmel/atmel toolchain/avr8 gcc/native/3.4.1061/avr8-gnu-toolchain/bin/../lib/gcc/avr/4.8.1/avr6\libgcc.a
LOAD c:/program files (x86)/atmel/atmel toolchain/avr8 gcc/native/3.4.1061/avr8-gnu-toolchain/bin/../lib/gcc/avr/4.8.1/../../../../avr/lib/avr6\libm.a
LOAD c:/program files (x86)/atmel/atmel toolchain/avr8 gcc/native/3.4.1061/avr8-gnu-toolchain/bin/../lib/gcc/avr/4.8.1/../../../../avr/lib/avr6\libc.a
END GROUP

.hash
 *(.hash)

.dynsym
 *(.dynsym)

.dynstr
 *(.dynstr)

.gnu.version
 *(.gnu.version)

.gnu.version_d
 *(.gnu.version_d)

.gnu.version_r
 *(.gnu.version_r)

.rel.init
 *(.rel.init)

.rela.init
 *(.rela.init)

.rel.text
 *(.rel.text)
 *(.rel.text.*)
 *(.rel.gnu.linkonce.t*)

.rela.text
 *(.rela.text)
 *(.rela.text.*)
 *(.rela.gnu.linkonce.t*)

.rel.fini
 *(.rel.fini)

.rela.fini
 *(.rela.fini)

.rel.rodata
 *(.rel.rodata)
 *(.rel.rodata.*)
 *(.rel.gnu.linkonce.r*)

.rela.rodata
 *(.rela.rodata)
 *(.rela.rodata.*)
 *(.rela.gnu.linkonce.r*)

.rel.data
 *(.rel.data)
 *(.rel.data.*)
 *(.rel.gnu.linkonce.d*)

.rela.data
 *(.rela.data)
 *(.rela.data.*)
 *(.rela.gnu.linkonce.d*)

.rel.ctors
 *(.rel.ctors)

.rela.ctors
 *(.rela.ctors)

.rel.dtors
 *(.rel.dtors)

.rela.dtors
 *(.rela.dtors)

.rel.got
 *(.rel.got)

.rela.got
 *(.rela.got)

.rel.bss
 *(.rel.bss)

.rela.bss
 *(.rela.bss)

.rel.plt
 *(.rel.plt)

.rela.plt
 *(.rela.plt)

.text           0x00000000      0x28c
 *(.vectors)
 .vectors       0x00000000       0xe4 c:/program files (x86)/atmel/atmel toolchain/avr8 gcc/native/3.4.1061/avr8-gnu-toolchain/bin/../lib/gcc/avr/4.8.1/../../../../avr/lib/avr6/crtm2560.o
                0x00000000                __vector_default
                0x00000000                __vectors
 *(.vectors)
 *(.progmem.gcc*)
                0x000000e4                . = ALIGN (0x2)
                0x000000e4                __trampolines_start = .
 *(.trampolines)
 .trampolines   0x000000e4        0x0 linker stubs
 *(.trampolines*)
                0x000000e4                __trampolines_end = .
 *(.progmem*)
                0x000000e4                . = ALIGN (0x2)
 *(.jumptables)
 *(.jumptables*)
 *(.lowtext)
 *(.lowtext*)
                0x000000e4                __ctors_start = .
 *(.ctors)
                0x000000e4                __ctors_end = .
                0x000000e4                __dtors_start = .
 *(.dtors)
                0x000000e4                __dtors_end = .
 SORT(*)(.ctors)
 SORT(*)(.dtors)
 *(.init0)
 .init0         0x000000e4        0x0 c:/program files (x86)/atmel/atmel toolchain/avr8 gcc/native/3.4.1061/avr8-gnu-toolchain/bin/../lib/gcc/avr/4.8.1/../../../../avr/lib/avr6/crtm2560.o
                0x000000e4                __init
 *(.init0)
 *(.init1)
 *(.init1)
 *(.init2)
 .init2         0x000000e4       0x10 c:/program files (x86)/atmel/atmel toolchain/avr8 gcc/native/3.4.1061/avr8-gnu-toolchain/bin/../lib/gcc/avr/4.8.1/../../../../avr/lib/avr6/crtm2560.o
 *(.init2)
 *(.init3)
 *(.init3)
 *(.init4)
 .init4         0x000000f4       0x10 c:/program files (x86)/atmel/atmel toolchain/avr8 gcc/native/3.4.1061/avr8-gnu-toolchain/bin/../lib/gcc/avr/4.8.1/avr6\libgcc.a(_clear_bss.o)
                0x000000f4                __do_clear_bss
 *(.init4)
 *(.init5)
 *(.init5)
 *(.init6)
 *(.init6)
 *(.init7)
 *(.init7)
 *(.init8)
 *(.init8)
 *(.init9)
 .init9         0x00000104        0x8 c:/program files (x86)/atmel/atmel toolchain/avr8 gcc/native/3.4.1061/avr8-gnu-toolchain/bin/../lib/gcc/avr/4.8.1/../../../../avr/lib/avr6/crtm2560.o
 *(.init9)
 *(.text)
 .text          0x0000010c        0x4 c:/program files (x86)/atmel/atmel toolchain/avr8 gcc/native/3.4.1061/avr8-gnu-toolchain/bin/../lib/gcc/avr/4.8.1/../../../../avr/lib/avr6/crtm2560.o
                0x0000010c                __vector_38
                0x0000010c                __vector_22
                0x0000010c                __vector_28
                0x0000010c                __vector_1
                0x0000010c                __vector_32
                0x0000010c                __vector_34
                0x0000010c                __vector_24
                0x0000010c                __vector_12
                0x0000010c                __vector_55
                0x0000010c                __vector_46
                0x0000010c                __bad_interrupt
                0x0000010c                __vector_6
                0x0000010c                __vector_31
                0x0000010c                __vector_35
                0x0000010c                __vector_39
                0x0000010c                __vector_3
                0x0000010c                __vector_30
                0x0000010c                __vector_45
                0x0000010c                __vector_25
                0x0000010c                __vector_11
                0x0000010c                __vector_54
                0x0000010c                __vector_13
                0x0000010c                __vector_17
                0x0000010c                __vector_19
                0x0000010c                __vector_56
                0x0000010c                __vector_7
                0x0000010c                __vector_49
                0x0000010c                __vector_41
                0x0000010c                __vector_43
                0x0000010c                __vector_27
                0x0000010c                __vector_5
                0x0000010c                __vector_33
                0x0000010c                __vector_47
                0x0000010c                __vector_52
                0x0000010c                __vector_37
                0x0000010c                __vector_4
                0x0000010c                __vector_44
                0x0000010c                __vector_51
                0x0000010c                __vector_9
                0x0000010c                __vector_2
                0x0000010c                __vector_21
                0x0000010c                __vector_15
                0x0000010c                __vector_36
                0x0000010c                __vector_29
                0x0000010c                __vector_40
                0x0000010c                __vector_8
                0x0000010c                __vector_26
                0x0000010c                __vector_48
                0x0000010c                __vector_14
                0x0000010c                __vector_53
                0x0000010c                __vector_10
                0x0000010c                __vector_50
                0x0000010c                __vector_16
                0x0000010c                __vector_18
                0x0000010c                __vector_20
                0x0000010c                __vector_42
                0x00000110                . = ALIGN (0x2)
 *(.text.*)
 .text.initVariant
                0x00000110        0x2 ../../../arduinoCore\libcore.a(main.cpp.o)
                0x00000110                initVariant
 .text.startup.main
                0x00000112       0x1e ../../../arduinoCore\libcore.a(main.cpp.o)
                0x00000112                main
 .text.__vector_23
                0x00000130       0x94 ../../../arduinoCore\libcore.a(wiring.c.o)
                0x00000130                __vector_23
 .text.init     0x000001c4       0xc4 ../../../arduinoCore\libcore.a(wiring.c.o)
                0x000001c4                init
                0x00000288                . = ALIGN (0x2)
 *(.fini9)
 .fini9         0x00000288        0x0 c:/program files (x86)/atmel/atmel toolchain/avr8 gcc/native/3.4.1061/avr8-gnu-toolchain/bin/../lib/gcc/avr/4.8.1/avr6\libgcc.a(_exit.o)
                0x00000288                _exit
                0x00000288                exit
 *(.fini9)
 *(.fini8)
 *(.fini8)
 *(.fini7)
 *(.fini7)
 *(.fini6)
 *(.fini6)
 *(.fini5)
 *(.fini5)
 *(.fini4)
 *(.fini4)
 *(.fini3)
 *(.fini3)
 *(.fini2)
 *(.fini2)
 *(.fini1)
 *(.fini1)
 *(.fini0)
 .fini0         0x00000288        0x4 c:/program files (x86)/atmel/atmel toolchain/avr8 gcc/native/3.4.1061/avr8-gnu-toolchain/bin/../lib/gcc/avr/4.8.1/avr6\libgcc.a(_exit.o)
 *(.fini0)
                0x0000028c                _etext = .

.data           0x00800200        0x0 load address 0x0000028c
                0x00800200                PROVIDE (__data_start, .)
 *(.data)
 *(.data*)
 *(.rodata)
 *(.rodata*)
 *(.gnu.linkonce.d*)
                0x00800200                . = ALIGN (0x2)
                0x00800200                _edata = .
                0x00800200                PROVIDE (__data_end, .)

.bss            0x00800200        0x9
                0x00800200                PROVIDE (__bss_start, .)
 *(.bss)
 *(.bss*)
 .bss.timer0_fract
                0x00800200        0x1 ../../../arduinoCore\libcore.a(wiring.c.o)
 .bss.timer0_millis
                0x00800201        0x4 ../../../arduinoCore\libcore.a(wiring.c.o)
                0x00800201                timer0_millis
 .bss.timer0_overflow_count
                0x00800205        0x4 ../../../arduinoCore\libcore.a(wiring.c.o)
                0x00800205                timer0_overflow_count
 *(COMMON)
                0x00800209                PROVIDE (__bss_end, .)
                0x0000028c                __data_load_start = LOADADDR (.data)
                0x0000028c                __data_load_end = (__data_load_start + SIZEOF (.data))

.noinit         0x00800209        0x0
                0x00800209                PROVIDE (__noinit_start, .)
 *(.noinit*)
                0x00800209                PROVIDE (__noinit_end, .)
                0x00800209                _end = .
                0x00800209                PROVIDE (__heap_start, .)

.eeprom         0x00810000        0x0
 *(.eeprom*)
                0x00810000                __eeprom_end = .

.fuse
 *(.fuse)
 *(.lfuse)
 *(.hfuse)
 *(.efuse)

.lock
 *(.lock*)

.signature
 *(.signature*)

.user_signatures
 *(.user_signatures*)

.stab
 *(.stab)

.stabstr
 *(.stabstr)

.stab.excl
 *(.stab.excl)

.stab.exclstr
 *(.stab.exclstr)

.stab.index
 *(.stab.index)

.stab.indexstr
 *(.stab.indexstr)

.comment        0x00000000       0x11
 *(.comment)
 .comment       0x00000000       0x11 ../../../arduinoCore\libcore.a(main.cpp.o)
                                 0x12 (size before relaxing)
 .comment       0x00000000       0x12 ../../../arduinoCore\libcore.a(wiring.c.o)

.note.gnu.build-id
 *(.note.gnu.build-id)

.debug
 *(.debug)

.line
 *(.line)

.debug_srcinfo
 *(.debug_srcinfo)

.debug_sfnames
 *(.debug_sfnames)

.debug_aranges
 *(.debug_aranges)

.debug_pubnames
 *(.debug_pubnames)

.debug_info
 *(.debug_info .gnu.linkonce.wi.*)

.debug_abbrev
 *(.debug_abbrev)

.debug_line
 *(.debug_line .debug_line.* .debug_line_end)

.debug_frame
 *(.debug_frame)

.debug_str
 *(.debug_str)

.debug_loc
 *(.debug_loc)

.debug_macinfo
 *(.debug_macinfo)

.debug_weaknames
 *(.debug_weaknames)

.debug_funcnames
 *(.debug_funcnames)

.debug_typenames
 *(.debug_typenames)

.debug_varnames
 *(.debug_varnames)

.debug_pubtypes
 *(.debug_pubtypes)

.debug_ranges
 *(.debug_ranges)

.debug_macro
 *(.debug_macro)
OUTPUT(startfiles elf32-avr)
LOAD linker stubs
