Archive member included because of file (symbol)

c:/program files (x86)/atmel/atmel toolchain/avr8 gcc/native/3.4.1061/avr8-gnu-toolchain/bin/../lib/gcc/avr/4.8.1/avr5\libgcc.a(_exit.o)
                              c:/program files (x86)/atmel/atmel toolchain/avr8 gcc/native/3.4.1061/avr8-gnu-toolchain/bin/../lib/gcc/avr/4.8.1/../../../../avr/lib/avr5/crtm328p.o (exit)
c:/program files (x86)/atmel/atmel toolchain/avr8 gcc/native/3.4.1061/avr8-gnu-toolchain/bin/../lib/gcc/avr/4.8.1/avr5\libgcc.a(_copy_data.o)
                              new_handler.o (__do_copy_data)
c:/program files (x86)/atmel/atmel toolchain/avr8 gcc/native/3.4.1061/avr8-gnu-toolchain/bin/../lib/gcc/avr/4.8.1/avr5\libgcc.a(_clear_bss.o)
                              eh_globals.o (__do_clear_bss)
c:/program files (x86)/atmel/atmel toolchain/avr8 gcc/native/3.4.1061/avr8-gnu-toolchain/bin/../lib/gcc/avr/4.8.1/../../../../avr/lib/avr5\libm.a(addsf3.o)
                              complex.o (__subsf3)
c:/program files (x86)/atmel/atmel toolchain/avr8 gcc/native/3.4.1061/avr8-gnu-toolchain/bin/../lib/gcc/avr/4.8.1/../../../../avr/lib/avr5\libm.a(addsf3x.o)
                              c:/program files (x86)/atmel/atmel toolchain/avr8 gcc/native/3.4.1061/avr8-gnu-toolchain/bin/../lib/gcc/avr/4.8.1/../../../../avr/lib/avr5\libm.a(addsf3.o) (__addsf3x)
c:/program files (x86)/atmel/atmel toolchain/avr8 gcc/native/3.4.1061/avr8-gnu-toolchain/bin/../lib/gcc/avr/4.8.1/../../../../avr/lib/avr5\libm.a(divsf3.o)
                              complex.o (__divsf3)
c:/program files (x86)/atmel/atmel toolchain/avr8 gcc/native/3.4.1061/avr8-gnu-toolchain/bin/../lib/gcc/avr/4.8.1/../../../../avr/lib/avr5\libm.a(divsf3x.o)
                              c:/program files (x86)/atmel/atmel toolchain/avr8 gcc/native/3.4.1061/avr8-gnu-toolchain/bin/../lib/gcc/avr/4.8.1/../../../../avr/lib/avr5\libm.a(divsf3.o) (__divsf3x)
c:/program files (x86)/atmel/atmel toolchain/avr8 gcc/native/3.4.1061/avr8-gnu-toolchain/bin/../lib/gcc/avr/4.8.1/../../../../avr/lib/avr5\libm.a(fp_inf.o)
                              c:/program files (x86)/atmel/atmel toolchain/avr8 gcc/native/3.4.1061/avr8-gnu-toolchain/bin/../lib/gcc/avr/4.8.1/../../../../avr/lib/avr5\libm.a(addsf3x.o) (__fp_inf)
c:/program files (x86)/atmel/atmel toolchain/avr8 gcc/native/3.4.1061/avr8-gnu-toolchain/bin/../lib/gcc/avr/4.8.1/../../../../avr/lib/avr5\libm.a(fp_nan.o)
                              c:/program files (x86)/atmel/atmel toolchain/avr8 gcc/native/3.4.1061/avr8-gnu-toolchain/bin/../lib/gcc/avr/4.8.1/../../../../avr/lib/avr5\libm.a(addsf3x.o) (__fp_nan)
c:/program files (x86)/atmel/atmel toolchain/avr8 gcc/native/3.4.1061/avr8-gnu-toolchain/bin/../lib/gcc/avr/4.8.1/../../../../avr/lib/avr5\libm.a(fp_pscA.o)
                              c:/program files (x86)/atmel/atmel toolchain/avr8 gcc/native/3.4.1061/avr8-gnu-toolchain/bin/../lib/gcc/avr/4.8.1/../../../../avr/lib/avr5\libm.a(addsf3x.o) (__fp_pscA)
c:/program files (x86)/atmel/atmel toolchain/avr8 gcc/native/3.4.1061/avr8-gnu-toolchain/bin/../lib/gcc/avr/4.8.1/../../../../avr/lib/avr5\libm.a(fp_pscB.o)
                              c:/program files (x86)/atmel/atmel toolchain/avr8 gcc/native/3.4.1061/avr8-gnu-toolchain/bin/../lib/gcc/avr/4.8.1/../../../../avr/lib/avr5\libm.a(addsf3x.o) (__fp_pscB)
c:/program files (x86)/atmel/atmel toolchain/avr8 gcc/native/3.4.1061/avr8-gnu-toolchain/bin/../lib/gcc/avr/4.8.1/../../../../avr/lib/avr5\libm.a(fp_round.o)
                              c:/program files (x86)/atmel/atmel toolchain/avr8 gcc/native/3.4.1061/avr8-gnu-toolchain/bin/../lib/gcc/avr/4.8.1/../../../../avr/lib/avr5\libm.a(addsf3.o) (__fp_round)
c:/program files (x86)/atmel/atmel toolchain/avr8 gcc/native/3.4.1061/avr8-gnu-toolchain/bin/../lib/gcc/avr/4.8.1/../../../../avr/lib/avr5\libm.a(fp_split3.o)
                              c:/program files (x86)/atmel/atmel toolchain/avr8 gcc/native/3.4.1061/avr8-gnu-toolchain/bin/../lib/gcc/avr/4.8.1/../../../../avr/lib/avr5\libm.a(addsf3x.o) (__fp_split3)
c:/program files (x86)/atmel/atmel toolchain/avr8 gcc/native/3.4.1061/avr8-gnu-toolchain/bin/../lib/gcc/avr/4.8.1/../../../../avr/lib/avr5\libm.a(fp_zero.o)
                              c:/program files (x86)/atmel/atmel toolchain/avr8 gcc/native/3.4.1061/avr8-gnu-toolchain/bin/../lib/gcc/avr/4.8.1/../../../../avr/lib/avr5\libm.a(addsf3x.o) (__fp_zero)
c:/program files (x86)/atmel/atmel toolchain/avr8 gcc/native/3.4.1061/avr8-gnu-toolchain/bin/../lib/gcc/avr/4.8.1/../../../../avr/lib/avr5\libm.a(mulsf3.o)
                              complex.o (__mulsf3)
c:/program files (x86)/atmel/atmel toolchain/avr8 gcc/native/3.4.1061/avr8-gnu-toolchain/bin/../lib/gcc/avr/4.8.1/../../../../avr/lib/avr5\libm.a(mulsf3x.o)
                              c:/program files (x86)/atmel/atmel toolchain/avr8 gcc/native/3.4.1061/avr8-gnu-toolchain/bin/../lib/gcc/avr/4.8.1/../../../../avr/lib/avr5\libm.a(mulsf3.o) (__mulsf3x)
c:/program files (x86)/atmel/atmel toolchain/avr8 gcc/native/3.4.1061/avr8-gnu-toolchain/bin/../lib/gcc/avr/4.8.1/../../../../avr/lib/avr5\libc.a(malloc.o)
                              eh_alloc.o (malloc)
c:/program files (x86)/atmel/atmel toolchain/avr8 gcc/native/3.4.1061/avr8-gnu-toolchain/bin/../lib/gcc/avr/4.8.1/../../../../avr/lib/avr5\libc.a(abort.o)
                              func_exception.o (abort)

Allocating common symbols
Common symbol       size              file

__brkval            0x2               c:/program files (x86)/atmel/atmel toolchain/avr8 gcc/native/3.4.1061/avr8-gnu-toolchain/bin/../lib/gcc/avr/4.8.1/../../../../avr/lib/avr5\libc.a(malloc.o)
__flp               0x2               c:/program files (x86)/atmel/atmel toolchain/avr8 gcc/native/3.4.1061/avr8-gnu-toolchain/bin/../lib/gcc/avr/4.8.1/../../../../avr/lib/avr5\libc.a(malloc.o)

Discarded input sections

 .data          0x00000000        0x0 c:/program files (x86)/atmel/atmel toolchain/avr8 gcc/native/3.4.1061/avr8-gnu-toolchain/bin/../lib/gcc/avr/4.8.1/../../../../avr/lib/avr5/crtm328p.o
 .bss           0x00000000        0x0 c:/program files (x86)/atmel/atmel toolchain/avr8 gcc/native/3.4.1061/avr8-gnu-toolchain/bin/../lib/gcc/avr/4.8.1/../../../../avr/lib/avr5/crtm328p.o
 .text          0x00000000        0x0 algorithm.o
 .data          0x00000000        0x0 algorithm.o
 .bss           0x00000000        0x0 algorithm.o
 .debug_info    0x00000000      0x667 algorithm.o
 .debug_abbrev  0x00000000      0x176 algorithm.o
 .debug_aranges
                0x00000000       0x18 algorithm.o
 .debug_line    0x00000000      0x164 algorithm.o
 .debug_str     0x00000000      0x2f6 algorithm.o
 .comment       0x00000000       0x31 algorithm.o
 .text          0x00000000        0x0 associative_base.o
 .data          0x00000000        0x0 associative_base.o
 .bss           0x00000000        0x0 associative_base.o
 .debug_info    0x00000000      0x667 associative_base.o
 .debug_abbrev  0x00000000      0x176 associative_base.o
 .debug_aranges
                0x00000000       0x18 associative_base.o
 .debug_line    0x00000000      0x164 associative_base.o
 .debug_str     0x00000000      0x2fd associative_base.o
 .comment       0x00000000       0x31 associative_base.o
 .text          0x00000000        0x0 bitset.o
 .data          0x00000000        0x0 bitset.o
 .bss           0x00000000        0x0 bitset.o
 .debug_info    0x00000000      0x667 bitset.o
 .debug_abbrev  0x00000000      0x176 bitset.o
 .debug_aranges
                0x00000000       0x18 bitset.o
 .debug_line    0x00000000      0x164 bitset.o
 .debug_str     0x00000000      0x2f3 bitset.o
 .comment       0x00000000       0x31 bitset.o
 .text          0x00000000        0x0 char_traits.o
 .data          0x00000000        0x0 char_traits.o
 .bss           0x00000000        0x0 char_traits.o
 .text._ZNSt11char_traitsIcE4findEPKciRS1_
                0x00000000       0x42 char_traits.o
 .text._ZNSt11char_traitsIcE2eqERKcS2_
                0x00000000       0x10 char_traits.o
 .text._ZNSt11char_traitsIcE12to_char_typeERKs
                0x00000000       0x16 char_traits.o
 .debug_info    0x00000000      0x9b7 char_traits.o
 .debug_abbrev  0x00000000      0x24e char_traits.o
 .debug_loc     0x00000000      0x225 char_traits.o
 .debug_aranges
                0x00000000       0x30 char_traits.o
 .debug_ranges  0x00000000       0x40 char_traits.o
 .debug_line    0x00000000      0x1cb char_traits.o
 .debug_str     0x00000000      0x5cb char_traits.o
 .comment       0x00000000       0x31 char_traits.o
 .debug_frame   0x00000000       0x44 char_traits.o
 .group         0x00000000        0x8 complex.o
 .group         0x00000000        0x8 complex.o
 .group         0x00000000        0x8 complex.o
 .group         0x00000000        0x8 complex.o
 .group         0x00000000        0x8 complex.o
 .group         0x00000000        0x8 complex.o
 .group         0x00000000        0x8 complex.o
 .group         0x00000000        0x8 complex.o
 .group         0x00000000        0x8 complex.o
 .group         0x00000000        0x8 complex.o
 .text          0x00000000        0x0 complex.o
 .data          0x00000000        0x0 complex.o
 .bss           0x00000000        0x0 complex.o
 .text._ZNSt7complexIfEC2ERKfS2_
                0x00000000       0x32 complex.o
 .text._ZNSt7complexIfEC2ERKS0_
                0x00000000       0x2a complex.o
 .text._ZNKSt7complexIfE4realEv
                0x00000000        0xc complex.o
 .text._ZNKSt7complexIfE4imagEv
                0x00000000        0xc complex.o
 .text._ZNSt7complexIfEaSERKf
                0x00000000       0x1e complex.o
 .text._ZNSt7complexIfEpLERKf
                0x00000000       0x2c complex.o
 .text._ZNSt7complexIfEmIERKf
                0x00000000       0x2c complex.o
 .text._ZNSt7complexIfEmLERKf
                0x00000000       0x54 complex.o
 .text._ZNSt7complexIfEdVERKf
                0x00000000       0x54 complex.o
 .text._ZNSt7complexIfEaSERKS0_
                0x00000000       0x30 complex.o
 .debug_info    0x00000000     0x22ba complex.o
 .debug_abbrev  0x00000000      0x44a complex.o
 .debug_loc     0x00000000      0x30d complex.o
 .debug_aranges
                0x00000000       0x68 complex.o
 .debug_ranges  0x00000000       0x58 complex.o
 .debug_line    0x00000000      0x267 complex.o
 .debug_str     0x00000000     0x1459 complex.o
 .comment       0x00000000       0x31 complex.o
 .debug_frame   0x00000000      0x100 complex.o
 .text          0x00000000        0x0 del_op.o
 .data          0x00000000        0x0 del_op.o
 .bss           0x00000000        0x0 del_op.o
 .text._ZdlPv   0x00000000        0x6 del_op.o
 .debug_info    0x00000000      0x32e del_op.o
 .debug_abbrev  0x00000000      0x180 del_op.o
 .debug_loc     0x00000000       0x26 del_op.o
 .debug_aranges
                0x00000000       0x20 del_op.o
 .debug_ranges  0x00000000       0x10 del_op.o
 .debug_line    0x00000000      0x157 del_op.o
 .debug_str     0x00000000      0x1f4 del_op.o
 .comment       0x00000000       0x31 del_op.o
 .debug_frame   0x00000000       0x24 del_op.o
 .text          0x00000000        0x0 del_opnt.o
 .data          0x00000000        0x0 del_opnt.o
 .bss           0x00000000        0x0 del_opnt.o
 .text._ZdlPvRKSt9nothrow_t
                0x00000000        0x6 del_opnt.o
 .debug_info    0x00000000      0x352 del_opnt.o
 .debug_abbrev  0x00000000      0x19f del_opnt.o
 .debug_loc     0x00000000       0x26 del_opnt.o
 .debug_aranges
                0x00000000       0x20 del_opnt.o
 .debug_ranges  0x00000000       0x10 del_opnt.o
 .debug_line    0x00000000      0x163 del_opnt.o
 .debug_str     0x00000000      0x20e del_opnt.o
 .comment       0x00000000       0x31 del_opnt.o
 .debug_frame   0x00000000       0x24 del_opnt.o
 .text          0x00000000        0x0 del_opvnt.o
 .data          0x00000000        0x0 del_opvnt.o
 .bss           0x00000000        0x0 del_opvnt.o
 .text._ZdaPvRKSt9nothrow_t
                0x00000000        0x6 del_opvnt.o
 .debug_info    0x00000000      0x352 del_opvnt.o
 .debug_abbrev  0x00000000      0x19f del_opvnt.o
 .debug_loc     0x00000000       0x26 del_opvnt.o
 .debug_aranges
                0x00000000       0x20 del_opvnt.o
 .debug_ranges  0x00000000       0x10 del_opvnt.o
 .debug_line    0x00000000      0x164 del_opvnt.o
 .debug_str     0x00000000      0x212 del_opvnt.o
 .comment       0x00000000       0x31 del_opvnt.o
 .debug_frame   0x00000000       0x24 del_opvnt.o
 .text          0x00000000        0x0 deque.o
 .data          0x00000000        0x0 deque.o
 .bss           0x00000000        0x0 deque.o
 .debug_info    0x00000000      0x667 deque.o
 .debug_abbrev  0x00000000      0x176 deque.o
 .debug_aranges
                0x00000000       0x18 deque.o
 .debug_line    0x00000000      0x164 deque.o
 .debug_str     0x00000000      0x2f2 deque.o
 .comment       0x00000000       0x31 deque.o
 .text          0x00000000        0x0 eh_alloc.o
 .data          0x00000000        0x0 eh_alloc.o
 .bss           0x00000000        0x0 eh_alloc.o
 .text.__cxa_allocate_exception
                0x00000000       0x28 eh_alloc.o
 .text.__cxa_free_exception
                0x00000000        0x8 eh_alloc.o
 .text.__cxa_allocate_dependent_exception
                0x00000000       0x28 eh_alloc.o
 .text.__cxa_free_dependent_exception
                0x00000000        0x6 eh_alloc.o
 .debug_info    0x00000000      0x77d eh_alloc.o
 .debug_abbrev  0x00000000      0x240 eh_alloc.o
 .debug_loc     0x00000000      0x157 eh_alloc.o
 .debug_aranges
                0x00000000       0x38 eh_alloc.o
 .debug_ranges  0x00000000       0x28 eh_alloc.o
 .debug_line    0x00000000      0x1da eh_alloc.o
 .debug_str     0x00000000      0x580 eh_alloc.o
 .comment       0x00000000       0x31 eh_alloc.o
 .debug_frame   0x00000000       0x6c eh_alloc.o
 .text          0x00000000        0x0 eh_globals.o
 .data          0x00000000        0x0 eh_globals.o
 .bss           0x00000000        0x0 eh_globals.o
 .text.__cxa_get_globals
                0x00000000        0x6 eh_globals.o
 .text.__cxa_get_globals_fast
                0x00000000        0x6 eh_globals.o
 .bss._ZN10__cxxabiv1L10eh_globalsE
                0x00000000        0x4 eh_globals.o
 .debug_info    0x00000000      0x5a4 eh_globals.o
 .debug_abbrev  0x00000000      0x1cd eh_globals.o
 .debug_aranges
                0x00000000       0x28 eh_globals.o
 .debug_ranges  0x00000000       0x18 eh_globals.o
 .debug_line    0x00000000      0x1b4 eh_globals.o
 .debug_str     0x00000000      0x512 eh_globals.o
 .comment       0x00000000       0x31 eh_globals.o
 .debug_frame   0x00000000       0x34 eh_globals.o
 .text          0x00000000        0x0 exception.o
 .data          0x00000000        0x0 exception.o
 .bss           0x00000000        0x0 exception.o
 .debug_line    0x00000000        0x0 exception.o
 .debug_str     0x00000000        0x0 exception.o
 .comment       0x00000000       0x31 exception.o
 .text          0x00000000        0x0 fstream.o
 .data          0x00000000        0x0 fstream.o
 .bss           0x00000000        0x0 fstream.o
 .debug_line    0x00000000        0x0 fstream.o
 .debug_str     0x00000000        0x0 fstream.o
 .comment       0x00000000       0x31 fstream.o
 .text          0x00000000        0x0 func_exception.o
 .data          0x00000000        0x0 func_exception.o
 .bss           0x00000000        0x0 func_exception.o
 .text._ZSt17__throw_bad_allocv
                0x00000000        0x4 func_exception.o
 .text._ZSt20__throw_out_of_rangePKc
                0x00000000        0x4 func_exception.o
 .text._ZSt22__throw_overflow_errorPKc
                0x00000000        0x4 func_exception.o
 .text._ZSt20__throw_length_errorPKc
                0x00000000        0x4 func_exception.o
 .text._ZSt24__throw_invalid_argumentPKc
                0x00000000        0x4 func_exception.o
 .debug_info    0x00000000      0x7b1 func_exception.o
 .debug_abbrev  0x00000000      0x1e9 func_exception.o
 .debug_aranges
                0x00000000       0x40 func_exception.o
 .debug_ranges  0x00000000       0x30 func_exception.o
 .debug_line    0x00000000      0x1d3 func_exception.o
 .debug_str     0x00000000      0x404 func_exception.o
 .comment       0x00000000       0x31 func_exception.o
 .debug_frame   0x00000000       0x64 func_exception.o
 .text          0x00000000        0x0 iomanip.o
 .data          0x00000000        0x0 iomanip.o
 .bss           0x00000000        0x0 iomanip.o
 .debug_info    0x00000000     0x1e4f iomanip.o
 .debug_abbrev  0x00000000      0x386 iomanip.o
 .debug_aranges
                0x00000000       0x18 iomanip.o
 .debug_line    0x00000000      0x1aa iomanip.o
 .debug_str     0x00000000     0x1320 iomanip.o
 .comment       0x00000000       0x31 iomanip.o
 .text          0x00000000        0x0 ios.o
 .data          0x00000000        0x0 ios.o
 .bss           0x00000000        0x0 ios.o
 .text._ZNSt8ios_base5flagsEt
                0x00000000        0xc ios.o
 .text._ZNSt8ios_base4setfEt
                0x00000000       0x10 ios.o
 .text._ZNSt8ios_base4setfEtt
                0x00000000       0x20 ios.o
 .text._ZNSt8ios_base9precisionEl
                0x00000000       0x20 ios.o
 .text._ZNSt8ios_base5widthEl
                0x00000000       0x20 ios.o
 .text._ZNSt8ios_base5imbueERKSt6locale
                0x00000000        0x2 ios.o
 .debug_info    0x00000000     0x25f1 ios.o
 .debug_abbrev  0x00000000      0x4d4 ios.o
 .debug_loc     0x00000000      0x221 ios.o
 .debug_aranges
                0x00000000       0x48 ios.o
 .debug_ranges  0x00000000       0x38 ios.o
 .debug_line    0x00000000      0x266 ios.o
 .debug_str     0x00000000     0x15ce ios.o
 .comment       0x00000000       0x31 ios.o
 .debug_frame   0x00000000       0x8c ios.o
 .text          0x00000000        0x0 iostream.o
 .data          0x00000000        0x0 iostream.o
 .bss           0x00000000        0x0 iostream.o
 .debug_info    0x00000000     0x1e4f iostream.o
 .debug_abbrev  0x00000000      0x386 iostream.o
 .debug_aranges
                0x00000000       0x18 iostream.o
 .debug_line    0x00000000      0x1aa iostream.o
 .debug_str     0x00000000     0x1321 iostream.o
 .comment       0x00000000       0x31 iostream.o
 .text          0x00000000        0x0 istream.o
 .data          0x00000000        0x0 istream.o
 .bss           0x00000000        0x0 istream.o
 .debug_info    0x00000000     0x1e4f istream.o
 .debug_abbrev  0x00000000      0x386 istream.o
 .debug_aranges
                0x00000000       0x18 istream.o
 .debug_line    0x00000000      0x1aa istream.o
 .debug_str     0x00000000     0x1320 istream.o
 .comment       0x00000000       0x31 istream.o
 .text          0x00000000        0x0 iterator.o
 .data          0x00000000        0x0 iterator.o
 .bss           0x00000000        0x0 iterator.o
 .debug_info    0x00000000      0x667 iterator.o
 .debug_abbrev  0x00000000      0x176 iterator.o
 .debug_aranges
                0x00000000       0x18 iterator.o
 .debug_line    0x00000000      0x164 iterator.o
 .debug_str     0x00000000      0x2f5 iterator.o
 .comment       0x00000000       0x31 iterator.o
 .text          0x00000000        0x0 limits.o
 .data          0x00000000        0x0 limits.o
 .bss           0x00000000        0x0 limits.o
 .debug_info    0x00000000       0x6b limits.o
 .debug_abbrev  0x00000000       0x31 limits.o
 .debug_aranges
                0x00000000       0x18 limits.o
 .debug_line    0x00000000       0x28 limits.o
 .debug_str     0x00000000      0x172 limits.o
 .comment       0x00000000       0x31 limits.o
 .text          0x00000000        0x0 list.o
 .data          0x00000000        0x0 list.o
 .bss           0x00000000        0x0 list.o
 .debug_info    0x00000000      0x667 list.o
 .debug_abbrev  0x00000000      0x176 list.o
 .debug_aranges
                0x00000000       0x18 list.o
 .debug_line    0x00000000      0x164 list.o
 .debug_str     0x00000000      0x2f1 list.o
 .comment       0x00000000       0x31 list.o
 .text          0x00000000        0x0 locale.o
 .data          0x00000000        0x0 locale.o
 .bss           0x00000000        0x0 locale.o
 .debug_info    0x00000000     0x1e6b locale.o
 .debug_abbrev  0x00000000      0x386 locale.o
 .debug_aranges
                0x00000000       0x18 locale.o
 .debug_line    0x00000000      0x1c4 locale.o
 .debug_str     0x00000000     0x1313 locale.o
 .comment       0x00000000       0x31 locale.o
 .text          0x00000000        0x0 map.o
 .data          0x00000000        0x0 map.o
 .bss           0x00000000        0x0 map.o
 .debug_info    0x00000000      0x667 map.o
 .debug_abbrev  0x00000000      0x176 map.o
 .debug_aranges
                0x00000000       0x18 map.o
 .debug_line    0x00000000      0x164 map.o
 .debug_str     0x00000000      0x2f0 map.o
 .comment       0x00000000       0x31 map.o
 .text          0x00000000        0x0 new_handler.o
 .data          0x00000000        0x0 new_handler.o
 .bss           0x00000000        0x0 new_handler.o
 .text._ZSt15set_new_handlerPFvvE
                0x00000000       0x14 new_handler.o
 .bss.__new_handler
                0x00000000        0x2 new_handler.o
 .rodata._ZSt7nothrow
                0x00000000        0x1 new_handler.o
 .debug_info    0x00000000      0x114 new_handler.o
 .debug_abbrev  0x00000000       0xf9 new_handler.o
 .debug_loc     0x00000000       0x27 new_handler.o
 .debug_aranges
                0x00000000       0x20 new_handler.o
 .debug_ranges  0x00000000       0x10 new_handler.o
 .debug_line    0x00000000       0xe9 new_handler.o
 .debug_str     0x00000000      0x19d new_handler.o
 .comment       0x00000000       0x31 new_handler.o
 .debug_frame   0x00000000       0x24 new_handler.o
 .text          0x00000000        0x0 new_op.o
 .data          0x00000000        0x0 new_op.o
 .bss           0x00000000        0x0 new_op.o
 .text._Znwj    0x00000000       0x22 new_op.o
 .debug_info    0x00000000      0x356 new_op.o
 .debug_abbrev  0x00000000      0x1a2 new_op.o
 .debug_loc     0x00000000       0x8f new_op.o
 .debug_aranges
                0x00000000       0x20 new_op.o
 .debug_ranges  0x00000000       0x10 new_op.o
 .debug_line    0x00000000      0x171 new_op.o
 .debug_str     0x00000000      0x226 new_op.o
 .comment       0x00000000       0x31 new_op.o
 .debug_frame   0x00000000       0x30 new_op.o
 .text          0x00000000        0x0 new_opnt.o
 .data          0x00000000        0x0 new_opnt.o
 .bss           0x00000000        0x0 new_opnt.o
 .text._ZnwjRKSt9nothrow_t
                0x00000000        0x6 new_opnt.o
 .debug_info    0x00000000      0x35a new_opnt.o
 .debug_abbrev  0x00000000      0x1a3 new_opnt.o
 .debug_loc     0x00000000       0x26 new_opnt.o
 .debug_aranges
                0x00000000       0x20 new_opnt.o
 .debug_ranges  0x00000000       0x10 new_opnt.o
 .debug_line    0x00000000      0x164 new_opnt.o
 .debug_str     0x00000000      0x215 new_opnt.o
 .comment       0x00000000       0x31 new_opnt.o
 .debug_frame   0x00000000       0x24 new_opnt.o
 .text          0x00000000        0x0 new_opvnt.o
 .data          0x00000000        0x0 new_opvnt.o
 .bss           0x00000000        0x0 new_opvnt.o
 .text._ZnajRKSt9nothrow_t
                0x00000000        0x6 new_opvnt.o
 .debug_info    0x00000000      0x35a new_opvnt.o
 .debug_abbrev  0x00000000      0x1a3 new_opvnt.o
 .debug_loc     0x00000000       0x26 new_opvnt.o
 .debug_aranges
                0x00000000       0x20 new_opvnt.o
 .debug_ranges  0x00000000       0x10 new_opvnt.o
 .debug_line    0x00000000      0x165 new_opvnt.o
 .debug_str     0x00000000      0x219 new_opvnt.o
 .comment       0x00000000       0x31 new_opvnt.o
 .debug_frame   0x00000000       0x24 new_opvnt.o
 .text          0x00000000        0x0 numeric.o
 .data          0x00000000        0x0 numeric.o
 .bss           0x00000000        0x0 numeric.o
 .debug_line    0x00000000        0x0 numeric.o
 .debug_str     0x00000000        0x0 numeric.o
 .comment       0x00000000       0x31 numeric.o
 .text          0x00000000        0x0 ostream.o
 .data          0x00000000        0x0 ostream.o
 .bss           0x00000000        0x0 ostream.o
 .debug_info    0x00000000     0x1e4f ostream.o
 .debug_abbrev  0x00000000      0x386 ostream.o
 .debug_aranges
                0x00000000       0x18 ostream.o
 .debug_line    0x00000000      0x1aa ostream.o
 .debug_str     0x00000000     0x1320 ostream.o
 .comment       0x00000000       0x31 ostream.o
 .text          0x00000000        0x0 queue.o
 .data          0x00000000        0x0 queue.o
 .bss           0x00000000        0x0 queue.o
 .debug_info    0x00000000      0x667 queue.o
 .debug_abbrev  0x00000000      0x176 queue.o
 .debug_aranges
                0x00000000       0x18 queue.o
 .debug_line    0x00000000      0x164 queue.o
 .debug_str     0x00000000      0x2f2 queue.o
 .comment       0x00000000       0x31 queue.o
 .text          0x00000000        0x0 set.o
 .data          0x00000000        0x0 set.o
 .bss           0x00000000        0x0 set.o
 .debug_info    0x00000000      0x667 set.o
 .debug_abbrev  0x00000000      0x176 set.o
 .debug_aranges
                0x00000000       0x18 set.o
 .debug_line    0x00000000      0x164 set.o
 .debug_str     0x00000000      0x2f0 set.o
 .comment       0x00000000       0x31 set.o
 .text          0x00000000        0x0 sstream.o
 .data          0x00000000        0x0 sstream.o
 .bss           0x00000000        0x0 sstream.o
 .debug_info    0x00000000     0x1e4f sstream.o
 .debug_abbrev  0x00000000      0x386 sstream.o
 .debug_aranges
                0x00000000       0x18 sstream.o
 .debug_line    0x00000000      0x1aa sstream.o
 .debug_str     0x00000000     0x1320 sstream.o
 .comment       0x00000000       0x31 sstream.o
 .text          0x00000000        0x0 stack.o
 .data          0x00000000        0x0 stack.o
 .bss           0x00000000        0x0 stack.o
 .debug_info    0x00000000      0x667 stack.o
 .debug_abbrev  0x00000000      0x176 stack.o
 .debug_aranges
                0x00000000       0x18 stack.o
 .debug_line    0x00000000      0x164 stack.o
 .debug_str     0x00000000      0x2f2 stack.o
 .comment       0x00000000       0x31 stack.o
 .text          0x00000000        0x0 stdexcept.o
 .data          0x00000000        0x0 stdexcept.o
 .bss           0x00000000        0x0 stdexcept.o
 .debug_info    0x00000000      0x667 stdexcept.o
 .debug_abbrev  0x00000000      0x176 stdexcept.o
 .debug_aranges
                0x00000000       0x18 stdexcept.o
 .debug_line    0x00000000      0x164 stdexcept.o
 .debug_str     0x00000000      0x2f6 stdexcept.o
 .comment       0x00000000       0x31 stdexcept.o
 .text          0x00000000        0x0 streambuf.o
 .data          0x00000000        0x0 streambuf.o
 .bss           0x00000000        0x0 streambuf.o
 .debug_info    0x00000000     0x1e4f streambuf.o
 .debug_abbrev  0x00000000      0x386 streambuf.o
 .debug_aranges
                0x00000000       0x18 streambuf.o
 .debug_line    0x00000000      0x1aa streambuf.o
 .debug_str     0x00000000     0x1322 streambuf.o
 .comment       0x00000000       0x31 streambuf.o
 .text          0x00000000        0x0 string.o
 .data          0x00000000        0x0 string.o
 .bss           0x00000000        0x0 string.o
 .debug_info    0x00000000     0x1e4f string.o
 .debug_abbrev  0x00000000      0x386 string.o
 .debug_aranges
                0x00000000       0x18 string.o
 .debug_line    0x00000000      0x1aa string.o
 .debug_str     0x00000000     0x131f string.o
 .comment       0x00000000       0x31 string.o
 .text          0x00000000        0x0 support.o
 .data          0x00000000        0x0 support.o
 .bss           0x00000000        0x0 support.o
 .bss.__personality_routine
                0x00000000        0x2 support.o
 .debug_info    0x00000000      0x441 support.o
 .debug_abbrev  0x00000000      0x19c support.o
 .debug_aranges
                0x00000000       0x18 support.o
 .debug_line    0x00000000      0x134 support.o
 .debug_str     0x00000000      0x407 support.o
 .comment       0x00000000       0x31 support.o
 .group         0x00000000        0x8 typeinfo.o
 .group         0x00000000        0x8 typeinfo.o
 .text          0x00000000        0x0 typeinfo.o
 .data          0x00000000        0x0 typeinfo.o
 .bss           0x00000000        0x0 typeinfo.o
 .text._ZNSt8bad_castD2Ev
                0x00000000       0x10 typeinfo.o
 .text._ZNSt10bad_typeidD2Ev
                0x00000000       0x10 typeinfo.o
 .text._ZNSt8bad_castD0Ev
                0x00000000       0x16 typeinfo.o
 .text._ZNSt10bad_typeidD0Ev
                0x00000000       0x16 typeinfo.o
 .rodata._ZTVSt8bad_cast
                0x00000000        0xa typeinfo.o
 .rodata._ZTVSt10bad_typeid
                0x00000000        0xa typeinfo.o
 .debug_info    0x00000000      0x277 typeinfo.o
 .debug_abbrev  0x00000000      0x13d typeinfo.o
 .debug_loc     0x00000000      0x116 typeinfo.o
 .debug_aranges
                0x00000000       0x38 typeinfo.o
 .debug_ranges  0x00000000       0x28 typeinfo.o
 .debug_line    0x00000000       0x8c typeinfo.o
 .debug_str     0x00000000      0x1b7 typeinfo.o
 .comment       0x00000000       0x31 typeinfo.o
 .debug_frame   0x00000000       0x6c typeinfo.o
 .text          0x00000000        0x0 utility.o
 .data          0x00000000        0x0 utility.o
 .bss           0x00000000        0x0 utility.o
 .debug_line    0x00000000        0x0 utility.o
 .debug_str     0x00000000        0x0 utility.o
 .comment       0x00000000       0x31 utility.o
 .text          0x00000000        0x0 valarray.o
 .data          0x00000000        0x0 valarray.o
 .bss           0x00000000        0x0 valarray.o
 .debug_info    0x00000000       0x63 valarray.o
 .debug_abbrev  0x00000000       0x4b valarray.o
 .debug_aranges
                0x00000000       0x18 valarray.o
 .debug_line    0x00000000       0xb5 valarray.o
 .debug_str     0x00000000      0x12e valarray.o
 .comment       0x00000000       0x31 valarray.o
 .text          0x00000000        0x0 vector.o
 .data          0x00000000        0x0 vector.o
 .bss           0x00000000        0x0 vector.o
 .debug_info    0x00000000      0x667 vector.o
 .debug_abbrev  0x00000000      0x176 vector.o
 .debug_aranges
                0x00000000       0x18 vector.o
 .debug_line    0x00000000      0x164 vector.o
 .debug_str     0x00000000      0x2f3 vector.o
 .comment       0x00000000       0x31 vector.o
 .text          0x00000000        0x0 c:/program files (x86)/atmel/atmel toolchain/avr8 gcc/native/3.4.1061/avr8-gnu-toolchain/bin/../lib/gcc/avr/4.8.1/avr5\libgcc.a(_exit.o)
 .data          0x00000000        0x0 c:/program files (x86)/atmel/atmel toolchain/avr8 gcc/native/3.4.1061/avr8-gnu-toolchain/bin/../lib/gcc/avr/4.8.1/avr5\libgcc.a(_exit.o)
 .bss           0x00000000        0x0 c:/program files (x86)/atmel/atmel toolchain/avr8 gcc/native/3.4.1061/avr8-gnu-toolchain/bin/../lib/gcc/avr/4.8.1/avr5\libgcc.a(_exit.o)
 .text.libgcc.mul
                0x00000000        0x0 c:/program files (x86)/atmel/atmel toolchain/avr8 gcc/native/3.4.1061/avr8-gnu-toolchain/bin/../lib/gcc/avr/4.8.1/avr5\libgcc.a(_exit.o)
 .text.libgcc.div
                0x00000000        0x0 c:/program files (x86)/atmel/atmel toolchain/avr8 gcc/native/3.4.1061/avr8-gnu-toolchain/bin/../lib/gcc/avr/4.8.1/avr5\libgcc.a(_exit.o)
 .text.libgcc   0x00000000        0x0 c:/program files (x86)/atmel/atmel toolchain/avr8 gcc/native/3.4.1061/avr8-gnu-toolchain/bin/../lib/gcc/avr/4.8.1/avr5\libgcc.a(_exit.o)
 .text.libgcc.prologue
                0x00000000        0x0 c:/program files (x86)/atmel/atmel toolchain/avr8 gcc/native/3.4.1061/avr8-gnu-toolchain/bin/../lib/gcc/avr/4.8.1/avr5\libgcc.a(_exit.o)
 .text.libgcc.builtins
                0x00000000        0x0 c:/program files (x86)/atmel/atmel toolchain/avr8 gcc/native/3.4.1061/avr8-gnu-toolchain/bin/../lib/gcc/avr/4.8.1/avr5\libgcc.a(_exit.o)
 .text.libgcc.fmul
                0x00000000        0x0 c:/program files (x86)/atmel/atmel toolchain/avr8 gcc/native/3.4.1061/avr8-gnu-toolchain/bin/../lib/gcc/avr/4.8.1/avr5\libgcc.a(_exit.o)
 .text.libgcc.fixed
                0x00000000        0x0 c:/program files (x86)/atmel/atmel toolchain/avr8 gcc/native/3.4.1061/avr8-gnu-toolchain/bin/../lib/gcc/avr/4.8.1/avr5\libgcc.a(_exit.o)
 .text          0x00000000        0x0 c:/program files (x86)/atmel/atmel toolchain/avr8 gcc/native/3.4.1061/avr8-gnu-toolchain/bin/../lib/gcc/avr/4.8.1/avr5\libgcc.a(_copy_data.o)
 .data          0x00000000        0x0 c:/program files (x86)/atmel/atmel toolchain/avr8 gcc/native/3.4.1061/avr8-gnu-toolchain/bin/../lib/gcc/avr/4.8.1/avr5\libgcc.a(_copy_data.o)
 .bss           0x00000000        0x0 c:/program files (x86)/atmel/atmel toolchain/avr8 gcc/native/3.4.1061/avr8-gnu-toolchain/bin/../lib/gcc/avr/4.8.1/avr5\libgcc.a(_copy_data.o)
 .text.libgcc.mul
                0x00000000        0x0 c:/program files (x86)/atmel/atmel toolchain/avr8 gcc/native/3.4.1061/avr8-gnu-toolchain/bin/../lib/gcc/avr/4.8.1/avr5\libgcc.a(_copy_data.o)
 .text.libgcc.div
                0x00000000        0x0 c:/program files (x86)/atmel/atmel toolchain/avr8 gcc/native/3.4.1061/avr8-gnu-toolchain/bin/../lib/gcc/avr/4.8.1/avr5\libgcc.a(_copy_data.o)
 .text.libgcc   0x00000000        0x0 c:/program files (x86)/atmel/atmel toolchain/avr8 gcc/native/3.4.1061/avr8-gnu-toolchain/bin/../lib/gcc/avr/4.8.1/avr5\libgcc.a(_copy_data.o)
 .text.libgcc.prologue
                0x00000000        0x0 c:/program files (x86)/atmel/atmel toolchain/avr8 gcc/native/3.4.1061/avr8-gnu-toolchain/bin/../lib/gcc/avr/4.8.1/avr5\libgcc.a(_copy_data.o)
 .text.libgcc.builtins
                0x00000000        0x0 c:/program files (x86)/atmel/atmel toolchain/avr8 gcc/native/3.4.1061/avr8-gnu-toolchain/bin/../lib/gcc/avr/4.8.1/avr5\libgcc.a(_copy_data.o)
 .text.libgcc.fmul
                0x00000000        0x0 c:/program files (x86)/atmel/atmel toolchain/avr8 gcc/native/3.4.1061/avr8-gnu-toolchain/bin/../lib/gcc/avr/4.8.1/avr5\libgcc.a(_copy_data.o)
 .text.libgcc.fixed
                0x00000000        0x0 c:/program files (x86)/atmel/atmel toolchain/avr8 gcc/native/3.4.1061/avr8-gnu-toolchain/bin/../lib/gcc/avr/4.8.1/avr5\libgcc.a(_copy_data.o)
 .text          0x00000000        0x0 c:/program files (x86)/atmel/atmel toolchain/avr8 gcc/native/3.4.1061/avr8-gnu-toolchain/bin/../lib/gcc/avr/4.8.1/avr5\libgcc.a(_clear_bss.o)
 .data          0x00000000        0x0 c:/program files (x86)/atmel/atmel toolchain/avr8 gcc/native/3.4.1061/avr8-gnu-toolchain/bin/../lib/gcc/avr/4.8.1/avr5\libgcc.a(_clear_bss.o)
 .bss           0x00000000        0x0 c:/program files (x86)/atmel/atmel toolchain/avr8 gcc/native/3.4.1061/avr8-gnu-toolchain/bin/../lib/gcc/avr/4.8.1/avr5\libgcc.a(_clear_bss.o)
 .text.libgcc.mul
                0x00000000        0x0 c:/program files (x86)/atmel/atmel toolchain/avr8 gcc/native/3.4.1061/avr8-gnu-toolchain/bin/../lib/gcc/avr/4.8.1/avr5\libgcc.a(_clear_bss.o)
 .text.libgcc.div
                0x00000000        0x0 c:/program files (x86)/atmel/atmel toolchain/avr8 gcc/native/3.4.1061/avr8-gnu-toolchain/bin/../lib/gcc/avr/4.8.1/avr5\libgcc.a(_clear_bss.o)
 .text.libgcc   0x00000000        0x0 c:/program files (x86)/atmel/atmel toolchain/avr8 gcc/native/3.4.1061/avr8-gnu-toolchain/bin/../lib/gcc/avr/4.8.1/avr5\libgcc.a(_clear_bss.o)
 .text.libgcc.prologue
                0x00000000        0x0 c:/program files (x86)/atmel/atmel toolchain/avr8 gcc/native/3.4.1061/avr8-gnu-toolchain/bin/../lib/gcc/avr/4.8.1/avr5\libgcc.a(_clear_bss.o)
 .text.libgcc.builtins
                0x00000000        0x0 c:/program files (x86)/atmel/atmel toolchain/avr8 gcc/native/3.4.1061/avr8-gnu-toolchain/bin/../lib/gcc/avr/4.8.1/avr5\libgcc.a(_clear_bss.o)
 .text.libgcc.fmul
                0x00000000        0x0 c:/program files (x86)/atmel/atmel toolchain/avr8 gcc/native/3.4.1061/avr8-gnu-toolchain/bin/../lib/gcc/avr/4.8.1/avr5\libgcc.a(_clear_bss.o)
 .text.libgcc.fixed
                0x00000000        0x0 c:/program files (x86)/atmel/atmel toolchain/avr8 gcc/native/3.4.1061/avr8-gnu-toolchain/bin/../lib/gcc/avr/4.8.1/avr5\libgcc.a(_clear_bss.o)
 .text          0x00000000        0x0 c:/program files (x86)/atmel/atmel toolchain/avr8 gcc/native/3.4.1061/avr8-gnu-toolchain/bin/../lib/gcc/avr/4.8.1/../../../../avr/lib/avr5\libm.a(addsf3.o)
 .data          0x00000000        0x0 c:/program files (x86)/atmel/atmel toolchain/avr8 gcc/native/3.4.1061/avr8-gnu-toolchain/bin/../lib/gcc/avr/4.8.1/../../../../avr/lib/avr5\libm.a(addsf3.o)
 .bss           0x00000000        0x0 c:/program files (x86)/atmel/atmel toolchain/avr8 gcc/native/3.4.1061/avr8-gnu-toolchain/bin/../lib/gcc/avr/4.8.1/../../../../avr/lib/avr5\libm.a(addsf3.o)
 .text.avr-libc.fplib
                0x00000000        0xa c:/program files (x86)/atmel/atmel toolchain/avr8 gcc/native/3.4.1061/avr8-gnu-toolchain/bin/../lib/gcc/avr/4.8.1/../../../../avr/lib/avr5\libm.a(addsf3.o)
 .text          0x00000000        0x0 c:/program files (x86)/atmel/atmel toolchain/avr8 gcc/native/3.4.1061/avr8-gnu-toolchain/bin/../lib/gcc/avr/4.8.1/../../../../avr/lib/avr5\libm.a(addsf3x.o)
 .data          0x00000000        0x0 c:/program files (x86)/atmel/atmel toolchain/avr8 gcc/native/3.4.1061/avr8-gnu-toolchain/bin/../lib/gcc/avr/4.8.1/../../../../avr/lib/avr5\libm.a(addsf3x.o)
 .bss           0x00000000        0x0 c:/program files (x86)/atmel/atmel toolchain/avr8 gcc/native/3.4.1061/avr8-gnu-toolchain/bin/../lib/gcc/avr/4.8.1/../../../../avr/lib/avr5\libm.a(addsf3x.o)
 .text.avr-libc.fplib
                0x00000000       0xc0 c:/program files (x86)/atmel/atmel toolchain/avr8 gcc/native/3.4.1061/avr8-gnu-toolchain/bin/../lib/gcc/avr/4.8.1/../../../../avr/lib/avr5\libm.a(addsf3x.o)
 .text          0x00000000        0x0 c:/program files (x86)/atmel/atmel toolchain/avr8 gcc/native/3.4.1061/avr8-gnu-toolchain/bin/../lib/gcc/avr/4.8.1/../../../../avr/lib/avr5\libm.a(divsf3.o)
 .data          0x00000000        0x0 c:/program files (x86)/atmel/atmel toolchain/avr8 gcc/native/3.4.1061/avr8-gnu-toolchain/bin/../lib/gcc/avr/4.8.1/../../../../avr/lib/avr5\libm.a(divsf3.o)
 .bss           0x00000000        0x0 c:/program files (x86)/atmel/atmel toolchain/avr8 gcc/native/3.4.1061/avr8-gnu-toolchain/bin/../lib/gcc/avr/4.8.1/../../../../avr/lib/avr5\libm.a(divsf3.o)
 .text.avr-libc.fplib
                0x00000000        0x4 c:/program files (x86)/atmel/atmel toolchain/avr8 gcc/native/3.4.1061/avr8-gnu-toolchain/bin/../lib/gcc/avr/4.8.1/../../../../avr/lib/avr5\libm.a(divsf3.o)
 .text          0x00000000        0x0 c:/program files (x86)/atmel/atmel toolchain/avr8 gcc/native/3.4.1061/avr8-gnu-toolchain/bin/../lib/gcc/avr/4.8.1/../../../../avr/lib/avr5\libm.a(divsf3x.o)
 .data          0x00000000        0x0 c:/program files (x86)/atmel/atmel toolchain/avr8 gcc/native/3.4.1061/avr8-gnu-toolchain/bin/../lib/gcc/avr/4.8.1/../../../../avr/lib/avr5\libm.a(divsf3x.o)
 .bss           0x00000000        0x0 c:/program files (x86)/atmel/atmel toolchain/avr8 gcc/native/3.4.1061/avr8-gnu-toolchain/bin/../lib/gcc/avr/4.8.1/../../../../avr/lib/avr5\libm.a(divsf3x.o)
 .text.avr-libc.fplib
                0x00000000       0xcc c:/program files (x86)/atmel/atmel toolchain/avr8 gcc/native/3.4.1061/avr8-gnu-toolchain/bin/../lib/gcc/avr/4.8.1/../../../../avr/lib/avr5\libm.a(divsf3x.o)
 .text          0x00000000        0x0 c:/program files (x86)/atmel/atmel toolchain/avr8 gcc/native/3.4.1061/avr8-gnu-toolchain/bin/../lib/gcc/avr/4.8.1/../../../../avr/lib/avr5\libm.a(fp_inf.o)
 .data          0x00000000        0x0 c:/program files (x86)/atmel/atmel toolchain/avr8 gcc/native/3.4.1061/avr8-gnu-toolchain/bin/../lib/gcc/avr/4.8.1/../../../../avr/lib/avr5\libm.a(fp_inf.o)
 .bss           0x00000000        0x0 c:/program files (x86)/atmel/atmel toolchain/avr8 gcc/native/3.4.1061/avr8-gnu-toolchain/bin/../lib/gcc/avr/4.8.1/../../../../avr/lib/avr5\libm.a(fp_inf.o)
 .text.avr-libc.fplib
                0x00000000        0xc c:/program files (x86)/atmel/atmel toolchain/avr8 gcc/native/3.4.1061/avr8-gnu-toolchain/bin/../lib/gcc/avr/4.8.1/../../../../avr/lib/avr5\libm.a(fp_inf.o)
 .text          0x00000000        0x0 c:/program files (x86)/atmel/atmel toolchain/avr8 gcc/native/3.4.1061/avr8-gnu-toolchain/bin/../lib/gcc/avr/4.8.1/../../../../avr/lib/avr5\libm.a(fp_nan.o)
 .data          0x00000000        0x0 c:/program files (x86)/atmel/atmel toolchain/avr8 gcc/native/3.4.1061/avr8-gnu-toolchain/bin/../lib/gcc/avr/4.8.1/../../../../avr/lib/avr5\libm.a(fp_nan.o)
 .bss           0x00000000        0x0 c:/program files (x86)/atmel/atmel toolchain/avr8 gcc/native/3.4.1061/avr8-gnu-toolchain/bin/../lib/gcc/avr/4.8.1/../../../../avr/lib/avr5\libm.a(fp_nan.o)
 .text.avr-libc.fplib
                0x00000000        0x6 c:/program files (x86)/atmel/atmel toolchain/avr8 gcc/native/3.4.1061/avr8-gnu-toolchain/bin/../lib/gcc/avr/4.8.1/../../../../avr/lib/avr5\libm.a(fp_nan.o)
 .text          0x00000000        0x0 c:/program files (x86)/atmel/atmel toolchain/avr8 gcc/native/3.4.1061/avr8-gnu-toolchain/bin/../lib/gcc/avr/4.8.1/../../../../avr/lib/avr5\libm.a(fp_pscA.o)
 .data          0x00000000        0x0 c:/program files (x86)/atmel/atmel toolchain/avr8 gcc/native/3.4.1061/avr8-gnu-toolchain/bin/../lib/gcc/avr/4.8.1/../../../../avr/lib/avr5\libm.a(fp_pscA.o)
 .bss           0x00000000        0x0 c:/program files (x86)/atmel/atmel toolchain/avr8 gcc/native/3.4.1061/avr8-gnu-toolchain/bin/../lib/gcc/avr/4.8.1/../../../../avr/lib/avr5\libm.a(fp_pscA.o)
 .text.avr-libc.fplib
                0x00000000        0xe c:/program files (x86)/atmel/atmel toolchain/avr8 gcc/native/3.4.1061/avr8-gnu-toolchain/bin/../lib/gcc/avr/4.8.1/../../../../avr/lib/avr5\libm.a(fp_pscA.o)
 .text          0x00000000        0x0 c:/program files (x86)/atmel/atmel toolchain/avr8 gcc/native/3.4.1061/avr8-gnu-toolchain/bin/../lib/gcc/avr/4.8.1/../../../../avr/lib/avr5\libm.a(fp_pscB.o)
 .data          0x00000000        0x0 c:/program files (x86)/atmel/atmel toolchain/avr8 gcc/native/3.4.1061/avr8-gnu-toolchain/bin/../lib/gcc/avr/4.8.1/../../../../avr/lib/avr5\libm.a(fp_pscB.o)
 .bss           0x00000000        0x0 c:/program files (x86)/atmel/atmel toolchain/avr8 gcc/native/3.4.1061/avr8-gnu-toolchain/bin/../lib/gcc/avr/4.8.1/../../../../avr/lib/avr5\libm.a(fp_pscB.o)
 .text.avr-libc.fplib
                0x00000000        0xe c:/program files (x86)/atmel/atmel toolchain/avr8 gcc/native/3.4.1061/avr8-gnu-toolchain/bin/../lib/gcc/avr/4.8.1/../../../../avr/lib/avr5\libm.a(fp_pscB.o)
 .text          0x00000000        0x0 c:/program files (x86)/atmel/atmel toolchain/avr8 gcc/native/3.4.1061/avr8-gnu-toolchain/bin/../lib/gcc/avr/4.8.1/../../../../avr/lib/avr5\libm.a(fp_round.o)
 .data          0x00000000        0x0 c:/program files (x86)/atmel/atmel toolchain/avr8 gcc/native/3.4.1061/avr8-gnu-toolchain/bin/../lib/gcc/avr/4.8.1/../../../../avr/lib/avr5\libm.a(fp_round.o)
 .bss           0x00000000        0x0 c:/program files (x86)/atmel/atmel toolchain/avr8 gcc/native/3.4.1061/avr8-gnu-toolchain/bin/../lib/gcc/avr/4.8.1/../../../../avr/lib/avr5\libm.a(fp_round.o)
 .text.avr-libc.fplib
                0x00000000       0x22 c:/program files (x86)/atmel/atmel toolchain/avr8 gcc/native/3.4.1061/avr8-gnu-toolchain/bin/../lib/gcc/avr/4.8.1/../../../../avr/lib/avr5\libm.a(fp_round.o)
 .text          0x00000000        0x0 c:/program files (x86)/atmel/atmel toolchain/avr8 gcc/native/3.4.1061/avr8-gnu-toolchain/bin/../lib/gcc/avr/4.8.1/../../../../avr/lib/avr5\libm.a(fp_split3.o)
 .data          0x00000000        0x0 c:/program files (x86)/atmel/atmel toolchain/avr8 gcc/native/3.4.1061/avr8-gnu-toolchain/bin/../lib/gcc/avr/4.8.1/../../../../avr/lib/avr5\libm.a(fp_split3.o)
 .bss           0x00000000        0x0 c:/program files (x86)/atmel/atmel toolchain/avr8 gcc/native/3.4.1061/avr8-gnu-toolchain/bin/../lib/gcc/avr/4.8.1/../../../../avr/lib/avr5\libm.a(fp_split3.o)
 .text.avr-libc.fplib
                0x00000000       0x44 c:/program files (x86)/atmel/atmel toolchain/avr8 gcc/native/3.4.1061/avr8-gnu-toolchain/bin/../lib/gcc/avr/4.8.1/../../../../avr/lib/avr5\libm.a(fp_split3.o)
 .text          0x00000000        0x0 c:/program files (x86)/atmel/atmel toolchain/avr8 gcc/native/3.4.1061/avr8-gnu-toolchain/bin/../lib/gcc/avr/4.8.1/../../../../avr/lib/avr5\libm.a(fp_zero.o)
 .data          0x00000000        0x0 c:/program files (x86)/atmel/atmel toolchain/avr8 gcc/native/3.4.1061/avr8-gnu-toolchain/bin/../lib/gcc/avr/4.8.1/../../../../avr/lib/avr5\libm.a(fp_zero.o)
 .bss           0x00000000        0x0 c:/program files (x86)/atmel/atmel toolchain/avr8 gcc/native/3.4.1061/avr8-gnu-toolchain/bin/../lib/gcc/avr/4.8.1/../../../../avr/lib/avr5\libm.a(fp_zero.o)
 .text.avr-libc.fplib
                0x00000000        0xe c:/program files (x86)/atmel/atmel toolchain/avr8 gcc/native/3.4.1061/avr8-gnu-toolchain/bin/../lib/gcc/avr/4.8.1/../../../../avr/lib/avr5\libm.a(fp_zero.o)
 .text          0x00000000        0x0 c:/program files (x86)/atmel/atmel toolchain/avr8 gcc/native/3.4.1061/avr8-gnu-toolchain/bin/../lib/gcc/avr/4.8.1/../../../../avr/lib/avr5\libm.a(mulsf3.o)
 .data          0x00000000        0x0 c:/program files (x86)/atmel/atmel toolchain/avr8 gcc/native/3.4.1061/avr8-gnu-toolchain/bin/../lib/gcc/avr/4.8.1/../../../../avr/lib/avr5\libm.a(mulsf3.o)
 .bss           0x00000000        0x0 c:/program files (x86)/atmel/atmel toolchain/avr8 gcc/native/3.4.1061/avr8-gnu-toolchain/bin/../lib/gcc/avr/4.8.1/../../../../avr/lib/avr5\libm.a(mulsf3.o)
 .text.avr-libc.fplib
                0x00000000        0x4 c:/program files (x86)/atmel/atmel toolchain/avr8 gcc/native/3.4.1061/avr8-gnu-toolchain/bin/../lib/gcc/avr/4.8.1/../../../../avr/lib/avr5\libm.a(mulsf3.o)
 .text          0x00000000        0x0 c:/program files (x86)/atmel/atmel toolchain/avr8 gcc/native/3.4.1061/avr8-gnu-toolchain/bin/../lib/gcc/avr/4.8.1/../../../../avr/lib/avr5\libm.a(mulsf3x.o)
 .data          0x00000000        0x0 c:/program files (x86)/atmel/atmel toolchain/avr8 gcc/native/3.4.1061/avr8-gnu-toolchain/bin/../lib/gcc/avr/4.8.1/../../../../avr/lib/avr5\libm.a(mulsf3x.o)
 .bss           0x00000000        0x0 c:/program files (x86)/atmel/atmel toolchain/avr8 gcc/native/3.4.1061/avr8-gnu-toolchain/bin/../lib/gcc/avr/4.8.1/../../../../avr/lib/avr5\libm.a(mulsf3x.o)
 .text.avr-libc.fplib
                0x00000000       0xc2 c:/program files (x86)/atmel/atmel toolchain/avr8 gcc/native/3.4.1061/avr8-gnu-toolchain/bin/../lib/gcc/avr/4.8.1/../../../../avr/lib/avr5\libm.a(mulsf3x.o)
 .text          0x00000000        0x0 c:/program files (x86)/atmel/atmel toolchain/avr8 gcc/native/3.4.1061/avr8-gnu-toolchain/bin/../lib/gcc/avr/4.8.1/../../../../avr/lib/avr5\libc.a(malloc.o)
 .data          0x00000000        0x6 c:/program files (x86)/atmel/atmel toolchain/avr8 gcc/native/3.4.1061/avr8-gnu-toolchain/bin/../lib/gcc/avr/4.8.1/../../../../avr/lib/avr5\libc.a(malloc.o)
 .bss           0x00000000        0x0 c:/program files (x86)/atmel/atmel toolchain/avr8 gcc/native/3.4.1061/avr8-gnu-toolchain/bin/../lib/gcc/avr/4.8.1/../../../../avr/lib/avr5\libc.a(malloc.o)
 .text.avr-libc
                0x00000000      0x24e c:/program files (x86)/atmel/atmel toolchain/avr8 gcc/native/3.4.1061/avr8-gnu-toolchain/bin/../lib/gcc/avr/4.8.1/../../../../avr/lib/avr5\libc.a(malloc.o)
 .comment       0x00000000       0x31 c:/program files (x86)/atmel/atmel toolchain/avr8 gcc/native/3.4.1061/avr8-gnu-toolchain/bin/../lib/gcc/avr/4.8.1/../../../../avr/lib/avr5\libc.a(malloc.o)
 COMMON         0x00000000        0x4 c:/program files (x86)/atmel/atmel toolchain/avr8 gcc/native/3.4.1061/avr8-gnu-toolchain/bin/../lib/gcc/avr/4.8.1/../../../../avr/lib/avr5\libc.a(malloc.o)
 .text          0x00000000        0x0 c:/program files (x86)/atmel/atmel toolchain/avr8 gcc/native/3.4.1061/avr8-gnu-toolchain/bin/../lib/gcc/avr/4.8.1/../../../../avr/lib/avr5\libc.a(abort.o)
 .data          0x00000000        0x0 c:/program files (x86)/atmel/atmel toolchain/avr8 gcc/native/3.4.1061/avr8-gnu-toolchain/bin/../lib/gcc/avr/4.8.1/../../../../avr/lib/avr5\libc.a(abort.o)
 .bss           0x00000000        0x0 c:/program files (x86)/atmel/atmel toolchain/avr8 gcc/native/3.4.1061/avr8-gnu-toolchain/bin/../lib/gcc/avr/4.8.1/../../../../avr/lib/avr5\libc.a(abort.o)
 .text.avr-libc
                0x00000000        0xa c:/program files (x86)/atmel/atmel toolchain/avr8 gcc/native/3.4.1061/avr8-gnu-toolchain/bin/../lib/gcc/avr/4.8.1/../../../../avr/lib/avr5\libc.a(abort.o)

Memory Configuration

Name             Origin             Length             Attributes
text             0x00000000         0x00020000         xr
data             0x00800060         0x0000ffa0         rw !x
eeprom           0x00810000         0x00010000         rw !x
fuse             0x00820000         0x00000400         rw !x
lock             0x00830000         0x00000400         rw !x
signature        0x00840000         0x00000400         rw !x
user_signatures  0x00850000         0x00000400         rw !x
*default*        0x00000000         0xffffffff

Linker script and memory map

Address of section .data set to 0x800100
LOAD c:/program files (x86)/atmel/atmel toolchain/avr8 gcc/native/3.4.1061/avr8-gnu-toolchain/bin/../lib/gcc/avr/4.8.1/../../../../avr/lib/avr5/crtm328p.o
LOAD algorithm.o
LOAD associative_base.o
LOAD bitset.o
LOAD char_traits.o
LOAD complex.o
LOAD del_op.o
LOAD del_opnt.o
LOAD del_opvnt.o
LOAD deque.o
LOAD eh_alloc.o
LOAD eh_globals.o
LOAD exception.o
LOAD fstream.o
LOAD func_exception.o
LOAD iomanip.o
LOAD ios.o
LOAD iostream.o
LOAD istream.o
LOAD iterator.o
LOAD limits.o
LOAD list.o
LOAD locale.o
LOAD map.o
LOAD new_handler.o
LOAD new_op.o
LOAD new_opnt.o
LOAD new_opvnt.o
LOAD numeric.o
LOAD ostream.o
LOAD queue.o
LOAD set.o
LOAD sstream.o
LOAD stack.o
LOAD stdexcept.o
LOAD streambuf.o
LOAD string.o
LOAD support.o
LOAD typeinfo.o
LOAD utility.o
LOAD valarray.o
LOAD vector.o
START GROUP
END GROUP
LOAD c:/program files (x86)/atmel/atmel toolchain/avr8 gcc/native/3.4.1061/avr8-gnu-toolchain/bin/../lib/gcc/avr/4.8.1/avr5\libgcc.a
LOAD c:/program files (x86)/atmel/atmel toolchain/avr8 gcc/native/3.4.1061/avr8-gnu-toolchain/bin/../lib/gcc/avr/4.8.1/../../../../avr/lib/avr5\libm.a
START GROUP
LOAD c:/program files (x86)/atmel/atmel toolchain/avr8 gcc/native/3.4.1061/avr8-gnu-toolchain/bin/../lib/gcc/avr/4.8.1/avr5\libgcc.a
LOAD c:/program files (x86)/atmel/atmel toolchain/avr8 gcc/native/3.4.1061/avr8-gnu-toolchain/bin/../lib/gcc/avr/4.8.1/../../../../avr/lib/avr5\libm.a
LOAD c:/program files (x86)/atmel/atmel toolchain/avr8 gcc/native/3.4.1061/avr8-gnu-toolchain/bin/../lib/gcc/avr/4.8.1/../../../../avr/lib/avr5\libc.a
END GROUP

.hash
 *(.hash)

.dynsym
 *(.dynsym)

.dynstr
 *(.dynstr)

.gnu.version
 *(.gnu.version)

.gnu.version_d
 *(.gnu.version_d)

.gnu.version_r
 *(.gnu.version_r)

.rel.init
 *(.rel.init)

.rela.init
 *(.rela.init)

.rel.text
 *(.rel.text)
 *(.rel.text.*)
 *(.rel.gnu.linkonce.t*)

.rela.text
 *(.rela.text)
 *(.rela.text.*)
 *(.rela.gnu.linkonce.t*)

.rel.fini
 *(.rel.fini)

.rela.fini
 *(.rela.fini)

.rel.rodata
 *(.rel.rodata)
 *(.rel.rodata.*)
 *(.rel.gnu.linkonce.r*)

.rela.rodata
 *(.rela.rodata)
 *(.rela.rodata.*)
 *(.rela.gnu.linkonce.r*)

.rel.data
 *(.rel.data)
 *(.rel.data.*)
 *(.rel.gnu.linkonce.d*)

.rela.data
 *(.rela.data)
 *(.rela.data.*)
 *(.rela.gnu.linkonce.d*)

.rel.ctors
 *(.rel.ctors)

.rela.ctors
 *(.rela.ctors)

.rel.dtors
 *(.rel.dtors)

.rela.dtors
 *(.rela.dtors)

.rel.got
 *(.rel.got)

.rela.got
 *(.rela.got)

.rel.bss
 *(.rel.bss)

.rela.bss
 *(.rela.bss)

.rel.plt
 *(.rel.plt)

.rela.plt
 *(.rela.plt)

.text           0x00000000       0xaa
 *(.vectors)
 .vectors       0x00000000       0x68 c:/program files (x86)/atmel/atmel toolchain/avr8 gcc/native/3.4.1061/avr8-gnu-toolchain/bin/../lib/gcc/avr/4.8.1/../../../../avr/lib/avr5/crtm328p.o
                0x00000000                __vector_default
                0x00000000                __vectors
 *(.vectors)
 *(.progmem.gcc*)
                0x00000068                . = ALIGN (0x2)
                0x00000068                __trampolines_start = .
 *(.trampolines)
 .trampolines   0x00000068        0x0 linker stubs
 *(.trampolines*)
                0x00000068                __trampolines_end = .
 *(.progmem*)
                0x00000068                . = ALIGN (0x2)
 *(.jumptables)
 *(.jumptables*)
 *(.lowtext)
 *(.lowtext*)
                0x00000068                __ctors_start = .
 *(.ctors)
                0x00000068                __ctors_end = .
                0x00000068                __dtors_start = .
 *(.dtors)
                0x00000068                __dtors_end = .
 SORT(*)(.ctors)
 SORT(*)(.dtors)
 *(.init0)
 .init0         0x00000068        0x0 c:/program files (x86)/atmel/atmel toolchain/avr8 gcc/native/3.4.1061/avr8-gnu-toolchain/bin/../lib/gcc/avr/4.8.1/../../../../avr/lib/avr5/crtm328p.o
                0x00000068                __init
 *(.init0)
 *(.init1)
 *(.init1)
 *(.init2)
 .init2         0x00000068        0xc c:/program files (x86)/atmel/atmel toolchain/avr8 gcc/native/3.4.1061/avr8-gnu-toolchain/bin/../lib/gcc/avr/4.8.1/../../../../avr/lib/avr5/crtm328p.o
 *(.init2)
 *(.init3)
 *(.init3)
 *(.init4)
 .init4         0x00000074       0x16 c:/program files (x86)/atmel/atmel toolchain/avr8 gcc/native/3.4.1061/avr8-gnu-toolchain/bin/../lib/gcc/avr/4.8.1/avr5\libgcc.a(_copy_data.o)
                0x00000074                __do_copy_data
 .init4         0x0000008a       0x10 c:/program files (x86)/atmel/atmel toolchain/avr8 gcc/native/3.4.1061/avr8-gnu-toolchain/bin/../lib/gcc/avr/4.8.1/avr5\libgcc.a(_clear_bss.o)
                0x0000008a                __do_clear_bss
 *(.init4)
 *(.init5)
 *(.init5)
 *(.init6)
 *(.init6)
 *(.init7)
 *(.init7)
 *(.init8)
 *(.init8)
 *(.init9)
 .init9         0x0000009a        0x8 c:/program files (x86)/atmel/atmel toolchain/avr8 gcc/native/3.4.1061/avr8-gnu-toolchain/bin/../lib/gcc/avr/4.8.1/../../../../avr/lib/avr5/crtm328p.o
 *(.init9)
 *(.text)
 .text          0x000000a2        0x4 c:/program files (x86)/atmel/atmel toolchain/avr8 gcc/native/3.4.1061/avr8-gnu-toolchain/bin/../lib/gcc/avr/4.8.1/../../../../avr/lib/avr5/crtm328p.o
                0x000000a2                __vector_22
                0x000000a2                __vector_1
                0x000000a2                __vector_24
                0x000000a2                __vector_12
                0x000000a2                __bad_interrupt
                0x000000a2                __vector_6
                0x000000a2                __vector_3
                0x000000a2                __vector_23
                0x000000a2                __vector_25
                0x000000a2                __vector_11
                0x000000a2                __vector_13
                0x000000a2                __vector_17
                0x000000a2                __vector_19
                0x000000a2                __vector_7
                0x000000a2                __vector_5
                0x000000a2                __vector_4
                0x000000a2                __vector_9
                0x000000a2                __vector_2
                0x000000a2                __vector_21
                0x000000a2                __vector_15
                0x000000a2                __vector_8
                0x000000a2                __vector_14
                0x000000a2                __vector_10
                0x000000a2                __vector_16
                0x000000a2                __vector_18
                0x000000a2                __vector_20
                0x000000a6                . = ALIGN (0x2)
 *(.text.*)
                0x000000a6                . = ALIGN (0x2)
 *(.fini9)
 .fini9         0x000000a6        0x0 c:/program files (x86)/atmel/atmel toolchain/avr8 gcc/native/3.4.1061/avr8-gnu-toolchain/bin/../lib/gcc/avr/4.8.1/avr5\libgcc.a(_exit.o)
                0x000000a6                _exit
                0x000000a6                exit
 *(.fini9)
 *(.fini8)
 *(.fini8)
 *(.fini7)
 *(.fini7)
 *(.fini6)
 *(.fini6)
 *(.fini5)
 *(.fini5)
 *(.fini4)
 *(.fini4)
 *(.fini3)
 *(.fini3)
 *(.fini2)
 *(.fini2)
 *(.fini1)
 *(.fini1)
 *(.fini0)
 .fini0         0x000000a6        0x4 c:/program files (x86)/atmel/atmel toolchain/avr8 gcc/native/3.4.1061/avr8-gnu-toolchain/bin/../lib/gcc/avr/4.8.1/avr5\libgcc.a(_exit.o)
 *(.fini0)
                0x000000aa                _etext = .

.data           0x00800100        0x0 load address 0x000000aa
                0x00800100                PROVIDE (__data_start, .)
 *(.data)
 *(.data*)
 *(.rodata)
 *(.rodata*)
 *(.gnu.linkonce.d*)
                0x00800100                . = ALIGN (0x2)
                0x00800100                _edata = .
                0x00800100                PROVIDE (__data_end, .)

.bss            0x00800100        0x0
                0x00800100                PROVIDE (__bss_start, .)
 *(.bss)
 *(.bss*)
 *(COMMON)
                0x00800100                PROVIDE (__bss_end, .)
                0x000000aa                __data_load_start = LOADADDR (.data)
                0x000000aa                __data_load_end = (__data_load_start + SIZEOF (.data))

.noinit         0x00800060        0x0
                0x00800060                PROVIDE (__noinit_start, .)
 *(.noinit*)
                0x00800060                PROVIDE (__noinit_end, .)
                0x00800060                _end = .
                0x00800060                PROVIDE (__heap_start, .)

.eeprom         0x00810000        0x0
 *(.eeprom*)
                0x00810000                __eeprom_end = .

.fuse
 *(.fuse)
 *(.lfuse)
 *(.hfuse)
 *(.efuse)

.lock
 *(.lock*)

.signature
 *(.signature*)

.user_signatures
 *(.user_signatures*)

.stab
 *(.stab)

.stabstr
 *(.stabstr)

.stab.excl
 *(.stab.excl)

.stab.exclstr
 *(.stab.exclstr)

.stab.index
 *(.stab.index)

.stab.indexstr
 *(.stab.indexstr)

.comment
 *(.comment)

.note.gnu.build-id
 *(.note.gnu.build-id)

.debug
 *(.debug)

.line
 *(.line)

.debug_srcinfo
 *(.debug_srcinfo)

.debug_sfnames
 *(.debug_sfnames)

.debug_aranges
 *(.debug_aranges)

.debug_pubnames
 *(.debug_pubnames)

.debug_info
 *(.debug_info .gnu.linkonce.wi.*)

.debug_abbrev
 *(.debug_abbrev)

.debug_line
 *(.debug_line .debug_line.* .debug_line_end)

.debug_frame
 *(.debug_frame)

.debug_str
 *(.debug_str)

.debug_loc
 *(.debug_loc)

.debug_macinfo
 *(.debug_macinfo)

.debug_weaknames
 *(.debug_weaknames)

.debug_funcnames
 *(.debug_funcnames)

.debug_typenames
 *(.debug_typenames)

.debug_varnames
 *(.debug_varnames)

.debug_pubtypes
 *(.debug_pubtypes)

.debug_ranges
 *(.debug_ranges)

.debug_macro
 *(.debug_macro)
OUTPUT(stlport.elf elf32-avr)
LOAD linker stubs
